
Allocating common symbols
Common symbol       size              file

PowerOK             0x10              ..\obj\main.o
Channel12V          0x20              ..\obj\main.o
SystemSettings      0x6               ..\obj\main.o
Channel5VSB         0xc               ..\obj\main.o
Channel5V           0x20              ..\obj\main.o
BufferArray         0x7               ..\obj\main.o
Power               0x10              ..\obj\main.o
Channel3V3          0x20              ..\obj\main.o

Discarded input sections

 .text          0x00000000        0x0 ..\obj\stm32f10x_tim.o
 .data          0x00000000        0x0 ..\obj\stm32f10x_tim.o
 .bss           0x00000000        0x0 ..\obj\stm32f10x_tim.o
 .text.TIM_OC4Init
                0x00000000       0xe0 ..\obj\stm32f10x_tim.o
 .text.TIM_ICInit
                0x00000000       0xa8 ..\obj\stm32f10x_tim.o
 .text.TIM_PWMIConfig
                0x00000000       0xc4 ..\obj\stm32f10x_tim.o
 .text.TIM_BDTRConfig
                0x00000000       0x50 ..\obj\stm32f10x_tim.o
 .text.TIM_TimeBaseStructInit
                0x00000000       0x3c ..\obj\stm32f10x_tim.o
 .text.TIM_OCStructInit
                0x00000000       0x54 ..\obj\stm32f10x_tim.o
 .text.TIM_ICStructInit
                0x00000000       0x3c ..\obj\stm32f10x_tim.o
 .text.TIM_BDTRStructInit
                0x00000000       0x4c ..\obj\stm32f10x_tim.o
 .text.TIM_GenerateEvent
                0x00000000       0x1c ..\obj\stm32f10x_tim.o
 .text.TIM_DMAConfig
                0x00000000       0x28 ..\obj\stm32f10x_tim.o
 .text.TIM_DMACmd
                0x00000000       0x48 ..\obj\stm32f10x_tim.o
 .text.TIM_InternalClockConfig
                0x00000000       0x24 ..\obj\stm32f10x_tim.o
 .text.TIM_ITRxExternalClockConfig
                0x00000000       0x30 ..\obj\stm32f10x_tim.o
 .text.TIM_TIxExternalClockConfig
                0x00000000       0x58 ..\obj\stm32f10x_tim.o
 .text.TIM_ETRClockMode1Config
                0x00000000       0x54 ..\obj\stm32f10x_tim.o
 .text.TIM_ETRClockMode2Config
                0x00000000       0x34 ..\obj\stm32f10x_tim.o
 .text.TIM_ETRConfig
                0x00000000       0x4c ..\obj\stm32f10x_tim.o
 .text.TIM_PrescalerConfig
                0x00000000       0x28 ..\obj\stm32f10x_tim.o
 .text.TIM_CounterModeConfig
                0x00000000       0x38 ..\obj\stm32f10x_tim.o
 .text.TIM_SelectInputTrigger
                0x00000000       0x38 ..\obj\stm32f10x_tim.o
 .text.TIM_EncoderInterfaceConfig
                0x00000000       0x94 ..\obj\stm32f10x_tim.o
 .text.TIM_ForcedOC1Config
                0x00000000       0x38 ..\obj\stm32f10x_tim.o
 .text.TIM_ForcedOC2Config
                0x00000000       0x40 ..\obj\stm32f10x_tim.o
 .text.TIM_ForcedOC3Config
                0x00000000       0x38 ..\obj\stm32f10x_tim.o
 .text.TIM_ForcedOC4Config
                0x00000000       0x40 ..\obj\stm32f10x_tim.o
 .text.TIM_ARRPreloadConfig
                0x00000000       0x40 ..\obj\stm32f10x_tim.o
 .text.TIM_SelectCOM
                0x00000000       0x40 ..\obj\stm32f10x_tim.o
 .text.TIM_SelectCCDMA
                0x00000000       0x40 ..\obj\stm32f10x_tim.o
 .text.TIM_CCPreloadControl
                0x00000000       0x40 ..\obj\stm32f10x_tim.o
 .text.TIM_OC1PreloadConfig
                0x00000000       0x38 ..\obj\stm32f10x_tim.o
 .text.TIM_OC2PreloadConfig
                0x00000000       0x40 ..\obj\stm32f10x_tim.o
 .text.TIM_OC3PreloadConfig
                0x00000000       0x38 ..\obj\stm32f10x_tim.o
 .text.TIM_OC4PreloadConfig
                0x00000000       0x40 ..\obj\stm32f10x_tim.o
 .text.TIM_OC1FastConfig
                0x00000000       0x38 ..\obj\stm32f10x_tim.o
 .text.TIM_OC2FastConfig
                0x00000000       0x40 ..\obj\stm32f10x_tim.o
 .text.TIM_OC3FastConfig
                0x00000000       0x38 ..\obj\stm32f10x_tim.o
 .text.TIM_OC4FastConfig
                0x00000000       0x40 ..\obj\stm32f10x_tim.o
 .text.TIM_ClearOC1Ref
                0x00000000       0x38 ..\obj\stm32f10x_tim.o
 .text.TIM_ClearOC2Ref
                0x00000000       0x44 ..\obj\stm32f10x_tim.o
 .text.TIM_ClearOC3Ref
                0x00000000       0x38 ..\obj\stm32f10x_tim.o
 .text.TIM_ClearOC4Ref
                0x00000000       0x44 ..\obj\stm32f10x_tim.o
 .text.TIM_OC1PolarityConfig
                0x00000000       0x38 ..\obj\stm32f10x_tim.o
 .text.TIM_OC1NPolarityConfig
                0x00000000       0x38 ..\obj\stm32f10x_tim.o
 .text.TIM_OC2PolarityConfig
                0x00000000       0x40 ..\obj\stm32f10x_tim.o
 .text.TIM_OC2NPolarityConfig
                0x00000000       0x40 ..\obj\stm32f10x_tim.o
 .text.TIM_OC3PolarityConfig
                0x00000000       0x40 ..\obj\stm32f10x_tim.o
 .text.TIM_OC3NPolarityConfig
                0x00000000       0x40 ..\obj\stm32f10x_tim.o
 .text.TIM_OC4PolarityConfig
                0x00000000       0x40 ..\obj\stm32f10x_tim.o
 .text.TIM_CCxCmd
                0x00000000       0x5c ..\obj\stm32f10x_tim.o
 .text.TIM_CCxNCmd
                0x00000000       0x5c ..\obj\stm32f10x_tim.o
 .text.TIM_SelectOCxM
                0x00000000       0xbc ..\obj\stm32f10x_tim.o
 .text.TIM_UpdateDisableConfig
                0x00000000       0x40 ..\obj\stm32f10x_tim.o
 .text.TIM_UpdateRequestConfig
                0x00000000       0x40 ..\obj\stm32f10x_tim.o
 .text.TIM_SelectHallSensor
                0x00000000       0x40 ..\obj\stm32f10x_tim.o
 .text.TIM_SelectOnePulseMode
                0x00000000       0x38 ..\obj\stm32f10x_tim.o
 .text.TIM_SelectOutputTrigger
                0x00000000       0x38 ..\obj\stm32f10x_tim.o
 .text.TIM_SelectSlaveMode
                0x00000000       0x38 ..\obj\stm32f10x_tim.o
 .text.TIM_SelectMasterSlaveMode
                0x00000000       0x38 ..\obj\stm32f10x_tim.o
 .text.TIM_SetCounter
                0x00000000       0x1c ..\obj\stm32f10x_tim.o
 .text.TIM_SetAutoreload
                0x00000000       0x1c ..\obj\stm32f10x_tim.o
 .text.TIM_SetCompare1
                0x00000000       0x1c ..\obj\stm32f10x_tim.o
 .text.TIM_SetCompare2
                0x00000000       0x1c ..\obj\stm32f10x_tim.o
 .text.TIM_SetCompare3
                0x00000000       0x1c ..\obj\stm32f10x_tim.o
 .text.TIM_SetCompare4
                0x00000000       0x20 ..\obj\stm32f10x_tim.o
 .text.TIM_SetIC1Prescaler
                0x00000000       0x38 ..\obj\stm32f10x_tim.o
 .text.TIM_SetIC2Prescaler
                0x00000000       0x3c ..\obj\stm32f10x_tim.o
 .text.TIM_SetIC3Prescaler
                0x00000000       0x38 ..\obj\stm32f10x_tim.o
 .text.TIM_SetIC4Prescaler
                0x00000000       0x3c ..\obj\stm32f10x_tim.o
 .text.TIM_SetClockDivision
                0x00000000       0x38 ..\obj\stm32f10x_tim.o
 .text.TIM_GetCapture1
                0x00000000       0x1c ..\obj\stm32f10x_tim.o
 .text.TIM_GetCapture2
                0x00000000       0x1c ..\obj\stm32f10x_tim.o
 .text.TIM_GetCapture3
                0x00000000       0x1c ..\obj\stm32f10x_tim.o
 .text.TIM_GetCapture4
                0x00000000       0x1c ..\obj\stm32f10x_tim.o
 .text.TIM_GetCounter
                0x00000000       0x1c ..\obj\stm32f10x_tim.o
 .text.TIM_GetPrescaler
                0x00000000       0x1c ..\obj\stm32f10x_tim.o
 .text.TIM_GetFlagStatus
                0x00000000       0x40 ..\obj\stm32f10x_tim.o
 .text.TIM_GetITStatus
                0x00000000       0x60 ..\obj\stm32f10x_tim.o
 .text.TI1_Config
                0x00000000       0xe4 ..\obj\stm32f10x_tim.o
 .text.TI2_Config
                0x00000000      0x104 ..\obj\stm32f10x_tim.o
 .text.TI3_Config
                0x00000000       0xf4 ..\obj\stm32f10x_tim.o
 .text.TI4_Config
                0x00000000      0x10c ..\obj\stm32f10x_tim.o
 .text          0x00000000        0x0 ..\obj\startup_stm32f10x_md_vl.o
 .data          0x00000000        0x0 ..\obj\startup_stm32f10x_md_vl.o
 .bss           0x00000000        0x0 ..\obj\startup_stm32f10x_md_vl.o
 .text          0x00000000        0x0 ..\obj\core_cm3.o
 .data          0x00000000        0x0 ..\obj\core_cm3.o
 .bss           0x00000000        0x0 ..\obj\core_cm3.o
 .text.__get_PSP
                0x00000000       0x10 ..\obj\core_cm3.o
 .text.__set_PSP
                0x00000000        0x8 ..\obj\core_cm3.o
 .text.__get_MSP
                0x00000000       0x10 ..\obj\core_cm3.o
 .text.__set_MSP
                0x00000000        0x8 ..\obj\core_cm3.o
 .text.__get_BASEPRI
                0x00000000       0x20 ..\obj\core_cm3.o
 .text.__set_BASEPRI
                0x00000000       0x18 ..\obj\core_cm3.o
 .text.__get_PRIMASK
                0x00000000       0x20 ..\obj\core_cm3.o
 .text.__set_PRIMASK
                0x00000000       0x18 ..\obj\core_cm3.o
 .text.__get_FAULTMASK
                0x00000000       0x20 ..\obj\core_cm3.o
 .text.__set_FAULTMASK
                0x00000000       0x18 ..\obj\core_cm3.o
 .text.__get_CONTROL
                0x00000000       0x20 ..\obj\core_cm3.o
 .text.__set_CONTROL
                0x00000000       0x18 ..\obj\core_cm3.o
 .text.__REV    0x00000000       0x24 ..\obj\core_cm3.o
 .text.__REV16  0x00000000       0x24 ..\obj\core_cm3.o
 .text.__REVSH  0x00000000       0x24 ..\obj\core_cm3.o
 .text.__RBIT   0x00000000       0x24 ..\obj\core_cm3.o
 .text.__LDREXB
                0x00000000       0x24 ..\obj\core_cm3.o
 .text.__LDREXH
                0x00000000       0x24 ..\obj\core_cm3.o
 .text.__LDREXW
                0x00000000       0x24 ..\obj\core_cm3.o
 .text.__STREXB
                0x00000000       0x2c ..\obj\core_cm3.o
 .text.__STREXH
                0x00000000       0x2c ..\obj\core_cm3.o
 .text.__STREXW
                0x00000000       0x28 ..\obj\core_cm3.o
 .debug_info    0x00000000      0x55e ..\obj\core_cm3.o
 .debug_abbrev  0x00000000       0xe4 ..\obj\core_cm3.o
 .debug_loc     0x00000000      0x3f0 ..\obj\core_cm3.o
 .debug_aranges
                0x00000000       0xc8 ..\obj\core_cm3.o
 .debug_ranges  0x00000000       0xb8 ..\obj\core_cm3.o
 .debug_line    0x00000000      0x255 ..\obj\core_cm3.o
 .debug_str     0x00000000      0x25a ..\obj\core_cm3.o
 .comment       0x00000000       0x71 ..\obj\core_cm3.o
 .ARM.attributes
                0x00000000       0x33 ..\obj\core_cm3.o
 .debug_frame   0x00000000      0x280 ..\obj\core_cm3.o
 .text          0x00000000        0x0 ..\obj\system_stm32f10x.o
 .data          0x00000000       0x14 ..\obj\system_stm32f10x.o
 .bss           0x00000000        0x0 ..\obj\system_stm32f10x.o
 .text.SystemCoreClockUpdate
                0x00000000      0x13c ..\obj\system_stm32f10x.o
 .text          0x00000000        0x0 ..\obj\stm32f10x_gpio.o
 .data          0x00000000        0x0 ..\obj\stm32f10x_gpio.o
 .bss           0x00000000        0x0 ..\obj\stm32f10x_gpio.o
 .text.GPIO_DeInit
                0x00000000      0x128 ..\obj\stm32f10x_gpio.o
 .text.GPIO_AFIODeInit
                0x00000000       0x20 ..\obj\stm32f10x_gpio.o
 .text.GPIO_StructInit
                0x00000000       0x2c ..\obj\stm32f10x_gpio.o
 .text.GPIO_ReadInputDataBit
                0x00000000       0x3c ..\obj\stm32f10x_gpio.o
 .text.GPIO_ReadInputData
                0x00000000       0x1c ..\obj\stm32f10x_gpio.o
 .text.GPIO_ReadOutputDataBit
                0x00000000       0x3c ..\obj\stm32f10x_gpio.o
 .text.GPIO_ReadOutputData
                0x00000000       0x1c ..\obj\stm32f10x_gpio.o
 .text.GPIO_SetBits
                0x00000000       0x1c ..\obj\stm32f10x_gpio.o
 .text.GPIO_ResetBits
                0x00000000       0x1c ..\obj\stm32f10x_gpio.o
 .text.GPIO_Write
                0x00000000       0x1c ..\obj\stm32f10x_gpio.o
 .text.GPIO_PinLockConfig
                0x00000000       0x44 ..\obj\stm32f10x_gpio.o
 .text.GPIO_EventOutputConfig
                0x00000000       0x54 ..\obj\stm32f10x_gpio.o
 .text.GPIO_EventOutputCmd
                0x00000000       0x20 ..\obj\stm32f10x_gpio.o
 .text.GPIO_EXTILineConfig
                0x00000000       0xb0 ..\obj\stm32f10x_gpio.o
 .text.GPIO_ETH_MediaInterfaceConfig
                0x00000000       0x20 ..\obj\stm32f10x_gpio.o
 .text          0x00000000        0x0 ..\obj\main.o
 .text.SPI_Configuration
                0x00000000       0x6c ..\obj\main.o
 .text.ADCToIntCurrent
                0x00000000       0x8c ..\obj\main.o
 .text.ADCToResistance
                0x00000000      0x18c ..\obj\main.o
 .text.CalculateDeviation
                0x00000000       0x64 ..\obj\main.o
 .text.DeviationToString
                0x00000000      0x140 ..\obj\main.o
 .text.MaxCurrent
                0x00000000       0xec ..\obj\main.o
 .text.IntToString
                0x00000000      0x104 ..\obj\main.o
 .text.PressButton
                0x00000000       0x60 ..\obj\main.o
 .text          0x00000000        0x0 ..\obj\stm32f10x_rcc.o
 .data          0x00000000       0x14 ..\obj\stm32f10x_rcc.o
 .bss           0x00000000        0x0 ..\obj\stm32f10x_rcc.o
 .text.RCC_HSEConfig
                0x00000000       0x88 ..\obj\stm32f10x_rcc.o
 .text.RCC_WaitForHSEStartUp
                0x00000000       0x64 ..\obj\stm32f10x_rcc.o
 .text.RCC_AdjustHSICalibrationValue
                0x00000000       0x48 ..\obj\stm32f10x_rcc.o
 .text.RCC_PREDIV1Config
                0x00000000       0x4c ..\obj\stm32f10x_rcc.o
 .text.RCC_ITConfig
                0x00000000       0x60 ..\obj\stm32f10x_rcc.o
 .text.RCC_USBCLKConfig
                0x00000000       0x20 ..\obj\stm32f10x_rcc.o
 .text.RCC_LSEConfig
                0x00000000       0x60 ..\obj\stm32f10x_rcc.o
 .text.RCC_LSICmd
                0x00000000       0x20 ..\obj\stm32f10x_rcc.o
 .text.RCC_RTCCLKConfig
                0x00000000       0x2c ..\obj\stm32f10x_rcc.o
 .text.RCC_RTCCLKCmd
                0x00000000       0x20 ..\obj\stm32f10x_rcc.o
 .text.RCC_GetClocksFreq
                0x00000000      0x1cc ..\obj\stm32f10x_rcc.o
 .text.RCC_BackupResetCmd
                0x00000000       0x20 ..\obj\stm32f10x_rcc.o
 .text.RCC_ClockSecuritySystemCmd
                0x00000000       0x20 ..\obj\stm32f10x_rcc.o
 .text.RCC_MCOConfig
                0x00000000       0x20 ..\obj\stm32f10x_rcc.o
 .text.RCC_ClearFlag
                0x00000000       0x24 ..\obj\stm32f10x_rcc.o
 .text.RCC_GetITStatus
                0x00000000       0x40 ..\obj\stm32f10x_rcc.o
 .text.RCC_ClearITPendingBit
                0x00000000       0x20 ..\obj\stm32f10x_rcc.o
 .text          0x00000000        0x0 ..\obj\stm32f10x_adc.o
 .data          0x00000000        0x0 ..\obj\stm32f10x_adc.o
 .bss           0x00000000        0x0 ..\obj\stm32f10x_adc.o
 .text.ADC_StructInit
                0x00000000       0x44 ..\obj\stm32f10x_adc.o
 .text.ADC_ITConfig
                0x00000000       0x48 ..\obj\stm32f10x_adc.o
 .text.ADC_GetResetCalibrationStatus
                0x00000000       0x38 ..\obj\stm32f10x_adc.o
 .text.ADC_GetCalibrationStatus
                0x00000000       0x38 ..\obj\stm32f10x_adc.o
 .text.ADC_GetSoftwareStartConvStatus
                0x00000000       0x38 ..\obj\stm32f10x_adc.o
 .text.ADC_DiscModeChannelCountConfig
                0x00000000       0x4c ..\obj\stm32f10x_adc.o
 .text.ADC_DiscModeCmd
                0x00000000       0x38 ..\obj\stm32f10x_adc.o
 .text.ADC_ExternalTrigConvCmd
                0x00000000       0x38 ..\obj\stm32f10x_adc.o
 .text.ADC_GetConversionValue
                0x00000000       0x1c ..\obj\stm32f10x_adc.o
 .text.ADC_GetDualModeConversionValue
                0x00000000       0x18 ..\obj\stm32f10x_adc.o
 .text.ADC_AutoInjectedConvCmd
                0x00000000       0x38 ..\obj\stm32f10x_adc.o
 .text.ADC_InjectedDiscModeCmd
                0x00000000       0x38 ..\obj\stm32f10x_adc.o
 .text.ADC_ExternalTrigInjectedConvConfig
                0x00000000       0x38 ..\obj\stm32f10x_adc.o
 .text.ADC_ExternalTrigInjectedConvCmd
                0x00000000       0x38 ..\obj\stm32f10x_adc.o
 .text.ADC_SoftwareStartInjectedConvCmd
                0x00000000       0x38 ..\obj\stm32f10x_adc.o
 .text.ADC_GetSoftwareStartInjectedConvCmdStatus
                0x00000000       0x38 ..\obj\stm32f10x_adc.o
 .text.ADC_InjectedChannelConfig
                0x00000000      0x144 ..\obj\stm32f10x_adc.o
 .text.ADC_InjectedSequencerLengthConfig
                0x00000000       0x4c ..\obj\stm32f10x_adc.o
 .text.ADC_SetInjectedOffset
                0x00000000       0x34 ..\obj\stm32f10x_adc.o
 .text.ADC_GetInjectedConversionValue
                0x00000000       0x34 ..\obj\stm32f10x_adc.o
 .text.ADC_AnalogWatchdogCmd
                0x00000000       0x3c ..\obj\stm32f10x_adc.o
 .text.ADC_AnalogWatchdogThresholdsConfig
                0x00000000       0x28 ..\obj\stm32f10x_adc.o
 .text.ADC_AnalogWatchdogSingleChannelConfig
                0x00000000       0x38 ..\obj\stm32f10x_adc.o
 .text.ADC_TempSensorVrefintCmd
                0x00000000       0x4c ..\obj\stm32f10x_adc.o
 .text.ADC_GetFlagStatus
                0x00000000       0x3c ..\obj\stm32f10x_adc.o
 .text.ADC_ClearFlag
                0x00000000       0x20 ..\obj\stm32f10x_adc.o
 .text.ADC_GetITStatus
                0x00000000       0x64 ..\obj\stm32f10x_adc.o
 .text.ADC_ClearITPendingBit
                0x00000000       0x30 ..\obj\stm32f10x_adc.o
 .text          0x00000000        0x0 ..\obj\stm32f10x_flash.o
 .data          0x00000000        0x0 ..\obj\stm32f10x_flash.o
 .bss           0x00000000        0x0 ..\obj\stm32f10x_flash.o
 .text.FLASH_HalfCycleAccessCmd
                0x00000000       0x44 ..\obj\stm32f10x_flash.o
 .text.FLASH_Unlock
                0x00000000       0x30 ..\obj\stm32f10x_flash.o
 .text.FLASH_UnlockBank1
                0x00000000       0x30 ..\obj\stm32f10x_flash.o
 .text.FLASH_Lock
                0x00000000       0x24 ..\obj\stm32f10x_flash.o
 .text.FLASH_LockBank1
                0x00000000       0x24 ..\obj\stm32f10x_flash.o
 .text.FLASH_ErasePage
                0x00000000       0x90 ..\obj\stm32f10x_flash.o
 .text.FLASH_EraseAllPages
                0x00000000       0x80 ..\obj\stm32f10x_flash.o
 .text.FLASH_EraseAllBank1Pages
                0x00000000       0x80 ..\obj\stm32f10x_flash.o
 .text.FLASH_EraseOptionBytes
                0x00000000      0x134 ..\obj\stm32f10x_flash.o
 .text.FLASH_ProgramWord
                0x00000000       0xbc ..\obj\stm32f10x_flash.o
 .text.FLASH_ProgramHalfWord
                0x00000000       0x74 ..\obj\stm32f10x_flash.o
 .text.FLASH_ProgramOptionByteData
                0x00000000       0xa0 ..\obj\stm32f10x_flash.o
 .text.FLASH_EnableWriteProtection
                0x00000000      0x15c ..\obj\stm32f10x_flash.o
 .text.FLASH_ReadOutProtection
                0x00000000      0x13c ..\obj\stm32f10x_flash.o
 .text.FLASH_UserOptionByteConfig
                0x00000000       0xbc ..\obj\stm32f10x_flash.o
 .text.FLASH_GetUserOptionByte
                0x00000000       0x1c ..\obj\stm32f10x_flash.o
 .text.FLASH_GetWriteProtectionOptionByte
                0x00000000       0x18 ..\obj\stm32f10x_flash.o
 .text.FLASH_GetReadOutProtectionStatus
                0x00000000       0x3c ..\obj\stm32f10x_flash.o
 .text.FLASH_GetPrefetchBufferStatus
                0x00000000       0x3c ..\obj\stm32f10x_flash.o
 .text.FLASH_ITConfig
                0x00000000       0x54 ..\obj\stm32f10x_flash.o
 .text.FLASH_GetFlagStatus
                0x00000000       0x64 ..\obj\stm32f10x_flash.o
 .text.FLASH_ClearFlag
                0x00000000       0x20 ..\obj\stm32f10x_flash.o
 .text.FLASH_GetStatus
                0x00000000       0x70 ..\obj\stm32f10x_flash.o
 .text.FLASH_GetBank1Status
                0x00000000       0x70 ..\obj\stm32f10x_flash.o
 .text.FLASH_WaitForLastOperation
                0x00000000       0x4c ..\obj\stm32f10x_flash.o
 .text.FLASH_WaitForLastBank1Operation
                0x00000000       0x4c ..\obj\stm32f10x_flash.o
 .text          0x00000000        0x0 ..\obj\stm32f10x_dma.o
 .data          0x00000000        0x0 ..\obj\stm32f10x_dma.o
 .bss           0x00000000        0x0 ..\obj\stm32f10x_dma.o
 .text.DMA_DeInit
                0x00000000      0x220 ..\obj\stm32f10x_dma.o
 .text.DMA_StructInit
                0x00000000       0x6c ..\obj\stm32f10x_dma.o
 .text.DMA_ITConfig
                0x00000000       0x3c ..\obj\stm32f10x_dma.o
 .text.DMA_SetCurrDataCounter
                0x00000000       0x1c ..\obj\stm32f10x_dma.o
 .text.DMA_GetCurrDataCounter
                0x00000000       0x1c ..\obj\stm32f10x_dma.o
 .text.DMA_GetFlagStatus
                0x00000000       0x60 ..\obj\stm32f10x_dma.o
 .text.DMA_ClearFlag
                0x00000000       0x38 ..\obj\stm32f10x_dma.o
 .text.DMA_GetITStatus
                0x00000000       0x60 ..\obj\stm32f10x_dma.o
 .text.DMA_ClearITPendingBit
                0x00000000       0x38 ..\obj\stm32f10x_dma.o
 .text          0x00000000        0x0 ..\obj\misc.o
 .data          0x00000000        0x0 ..\obj\misc.o
 .bss           0x00000000        0x0 ..\obj\misc.o
 .text.NVIC_PriorityGroupConfig
                0x00000000       0x28 ..\obj\misc.o
 .text.NVIC_SetVectorTable
                0x00000000       0x2c ..\obj\misc.o
 .text.NVIC_SystemLPConfig
                0x00000000       0x54 ..\obj\misc.o
 .text.SysTick_CLKSourceConfig
                0x00000000       0x4c ..\obj\misc.o
 .text          0x00000000        0x0 ..\obj\stm32f10x_spi.o
 .data          0x00000000        0x0 ..\obj\stm32f10x_spi.o
 .bss           0x00000000        0x0 ..\obj\stm32f10x_spi.o
 .text.SPI_I2S_DeInit
                0x00000000       0x88 ..\obj\stm32f10x_spi.o
 .text.SPI_Init
                0x00000000       0x88 ..\obj\stm32f10x_spi.o
 .text.I2S_Init
                0x00000000      0x198 ..\obj\stm32f10x_spi.o
 .text.SPI_StructInit
                0x00000000       0x5c ..\obj\stm32f10x_spi.o
 .text.I2S_StructInit
                0x00000000       0x44 ..\obj\stm32f10x_spi.o
 .text.SPI_Cmd  0x00000000       0x40 ..\obj\stm32f10x_spi.o
 .text.I2S_Cmd  0x00000000       0x40 ..\obj\stm32f10x_spi.o
 .text.SPI_I2S_ITConfig
                0x00000000       0x6c ..\obj\stm32f10x_spi.o
 .text.SPI_I2S_DMACmd
                0x00000000       0x48 ..\obj\stm32f10x_spi.o
 .text.SPI_I2S_SendData
                0x00000000       0x1c ..\obj\stm32f10x_spi.o
 .text.SPI_I2S_ReceiveData
                0x00000000       0x1c ..\obj\stm32f10x_spi.o
 .text.SPI_NSSInternalSoftwareConfig
                0x00000000       0x44 ..\obj\stm32f10x_spi.o
 .text.SPI_SSOutputCmd
                0x00000000       0x40 ..\obj\stm32f10x_spi.o
 .text.SPI_DataSizeConfig
                0x00000000       0x38 ..\obj\stm32f10x_spi.o
 .text.SPI_TransmitCRC
                0x00000000       0x24 ..\obj\stm32f10x_spi.o
 .text.SPI_CalculateCRC
                0x00000000       0x40 ..\obj\stm32f10x_spi.o
 .text.SPI_GetCRC
                0x00000000       0x34 ..\obj\stm32f10x_spi.o
 .text.SPI_GetCRCPolynomial
                0x00000000       0x1c ..\obj\stm32f10x_spi.o
 .text.SPI_BiDirectionalLineConfig
                0x00000000       0x40 ..\obj\stm32f10x_spi.o
 .text.SPI_I2S_GetFlagStatus
                0x00000000       0x40 ..\obj\stm32f10x_spi.o
 .text.SPI_I2S_ClearFlag
                0x00000000       0x24 ..\obj\stm32f10x_spi.o
 .text.SPI_I2S_GetITStatus
                0x00000000       0x88 ..\obj\stm32f10x_spi.o
 .text.SPI_I2S_ClearITPendingBit
                0x00000000       0x38 ..\obj\stm32f10x_spi.o
 .debug_info    0x00000000      0x981 ..\obj\stm32f10x_spi.o
 .debug_abbrev  0x00000000      0x180 ..\obj\stm32f10x_spi.o
 .debug_loc     0x00000000      0x508 ..\obj\stm32f10x_spi.o
 .debug_aranges
                0x00000000       0xd0 ..\obj\stm32f10x_spi.o
 .debug_ranges  0x00000000       0xc0 ..\obj\stm32f10x_spi.o
 .debug_line    0x00000000      0x380 ..\obj\stm32f10x_spi.o
 .debug_str     0x00000000      0x594 ..\obj\stm32f10x_spi.o
 .comment       0x00000000       0x71 ..\obj\stm32f10x_spi.o
 .ARM.attributes
                0x00000000       0x33 ..\obj\stm32f10x_spi.o
 .debug_frame   0x00000000      0x29c ..\obj\stm32f10x_spi.o

Memory Configuration

Name             Origin             Length             Attributes
rom              0x08000000         0x00040000         xr
ram              0x20000000         0x00006000         xrw
*default*        0x00000000         0xffffffff

Linker script and memory map

                0x20006000                _eram = 0x20006000

.text           0x08000000     0x410c
 *(.isr_vector .isr_vector.*)
 .isr_vector    0x08000000      0x124 ..\obj\startup_stm32f10x_md_vl.o
                0x08000000                g_pfnVectors
 *(.text .text.* .gnu.linkonce.t.*)
 .text.TIM_DeInit
                0x08000124      0x2b0 ..\obj\stm32f10x_tim.o
                0x08000124                TIM_DeInit
 .text.TIM_TimeBaseInit
                0x080003d4      0x11c ..\obj\stm32f10x_tim.o
                0x080003d4                TIM_TimeBaseInit
 .text.TIM_OC1Init
                0x080004f0      0x128 ..\obj\stm32f10x_tim.o
                0x080004f0                TIM_OC1Init
 .text.TIM_OC2Init
                0x08000618      0x128 ..\obj\stm32f10x_tim.o
                0x08000618                TIM_OC2Init
 .text.TIM_OC3Init
                0x08000740      0x120 ..\obj\stm32f10x_tim.o
                0x08000740                TIM_OC3Init
 .text.TIM_Cmd  0x08000860       0x40 ..\obj\stm32f10x_tim.o
                0x08000860                TIM_Cmd
 .text.TIM_CtrlPWMOutputs
                0x080008a0       0x50 ..\obj\stm32f10x_tim.o
                0x080008a0                TIM_CtrlPWMOutputs
 .text.TIM_ITConfig
                0x080008f0       0x48 ..\obj\stm32f10x_tim.o
                0x080008f0                TIM_ITConfig
 .text.TIM_ClearFlag
                0x08000938       0x24 ..\obj\stm32f10x_tim.o
                0x08000938                TIM_ClearFlag
 .text.TIM_ClearITPendingBit
                0x0800095c       0x24 ..\obj\stm32f10x_tim.o
                0x0800095c                TIM_ClearITPendingBit
 .text.Default_Reset_Handler
                0x08000980       0x70 ..\obj\startup_stm32f10x_md_vl.o
                0x08000980                Default_Reset_Handler
                0x08000980                Reset_Handler
 .text.Default_Handler
                0x080009f0        0x8 ..\obj\startup_stm32f10x_md_vl.o
                0x080009f0                EXTI2_IRQHandler
                0x080009f0                DebugMon_Handler
                0x080009f0                TIM1_CC_IRQHandler
                0x080009f0                HardFault_Handler
                0x080009f0                SysTick_Handler
                0x080009f0                PVD_IRQHandler
                0x080009f0                PendSV_Handler
                0x080009f0                NMI_Handler
                0x080009f0                EXTI3_IRQHandler
                0x080009f0                EXTI0_IRQHandler
                0x080009f0                I2C2_EV_IRQHandler
                0x080009f0                TIM1_UP_TIM16_IRQHandler
                0x080009f0                UsageFault_Handler
                0x080009f0                SPI1_IRQHandler
                0x080009f0                TAMPER_IRQHandler
                0x080009f0                DMA1_Channel4_IRQHandler
                0x080009f0                ADC1_IRQHandler
                0x080009f0                USART3_IRQHandler
                0x080009f0                RTC_IRQHandler
                0x080009f0                DMA1_Channel7_IRQHandler
                0x080009f0                TIM4_IRQHandler
                0x080009f0                I2C1_EV_IRQHandler
                0x080009f0                DMA1_Channel6_IRQHandler
                0x080009f0                TIM3_IRQHandler
                0x080009f0                RCC_IRQHandler
                0x080009f0                DMA1_Channel1_IRQHandler
                0x080009f0                CEC_IRQHandler
                0x080009f0                EXTI15_10_IRQHandler
                0x080009f0                EXTI9_5_IRQHandler
                0x080009f0                SPI2_IRQHandler
                0x080009f0                MemManage_Handler
                0x080009f0                SVC_Handler
                0x080009f0                DMA1_Channel5_IRQHandler
                0x080009f0                EXTI4_IRQHandler
                0x080009f0                TIM1_TRG_COM_TIM17_IRQHandler
                0x080009f0                DMA1_Channel3_IRQHandler
                0x080009f0                WWDG_IRQHandler
                0x080009f0                EXTI1_IRQHandler
                0x080009f0                RTCAlarm_IRQHandler
                0x080009f0                USART2_IRQHandler
                0x080009f0                I2C2_ER_IRQHandler
                0x080009f0                DMA1_Channel2_IRQHandler
                0x080009f0                FLASH_IRQHandler
                0x080009f0                BusFault_Handler
                0x080009f0                USART1_IRQHandler
                0x080009f0                I2C1_ER_IRQHandler
                0x080009f0                TIM1_BRK_TIM15_IRQHandler
 .text.SystemInit
                0x080009f8       0xb8 ..\obj\system_stm32f10x.o
                0x080009f8                SystemInit
 .text.SetSysClock
                0x08000ab0        0xc ..\obj\system_stm32f10x.o
 .text.SetSysClockTo24
                0x08000abc      0x15c ..\obj\system_stm32f10x.o
 .text.GPIO_Init
                0x08000c18      0x1b0 ..\obj\stm32f10x_gpio.o
                0x08000c18                GPIO_Init
 .text.GPIO_WriteBit
                0x08000dc8       0x30 ..\obj\stm32f10x_gpio.o
                0x08000dc8                GPIO_WriteBit
 .text.GPIO_PinRemapConfig
                0x08000df8      0x120 ..\obj\stm32f10x_gpio.o
                0x08000df8                GPIO_PinRemapConfig
 .text.RCC_Configuration
                0x08000f18       0x7c ..\obj\main.o
                0x08000f18                RCC_Configuration
 .text.TIM_Configuration
                0x08000f94      0x224 ..\obj\main.o
                0x08000f94                TIM_Configuration
 .text.ADC_Configuration
                0x080011b8      0x1c4 ..\obj\main.o
                0x080011b8                ADC_Configuration
 .text.DMA_Configuration
                0x0800137c       0x88 ..\obj\main.o
                0x0800137c                DMA_Configuration
 .text.GPIO_Configuration
                0x08001404      0x140 ..\obj\main.o
                0x08001404                GPIO_Configuration
 .text.InitConstants
                0x08001544      0x328 ..\obj\main.o
                0x08001544                InitConstants
 .text.ADCToIntVoltage
                0x0800186c       0x7c ..\obj\main.o
                0x0800186c                ADCToIntVoltage
 .text.ADCToVoltage
                0x080018e8      0x188 ..\obj\main.o
                0x080018e8                ADCToVoltage
 .text.ADCToCurrent
                0x08001a70      0x15c ..\obj\main.o
                0x08001a70                ADCToCurrent
 .text.RoundNumber
                0x08001bcc       0x8c ..\obj\main.o
                0x08001bcc                RoundNumber
 .text.SignCurrent
                0x08001c58       0x3c ..\obj\main.o
                0x08001c58                SignCurrent
 .text.AlignCurrents
                0x08001c94      0x23c ..\obj\main.o
                0x08001c94                AlignCurrents
 .text.Delay    0x08001ed0       0x24 ..\obj\main.o
                0x08001ed0                Delay
 .text.WriteData
                0x08001ef4       0xe8 ..\obj\main.o
                0x08001ef4                WriteData
 .text.WriteCommand
                0x08001fdc       0xd4 ..\obj\main.o
                0x08001fdc                WriteCommand
 .text.SetCursor
                0x080020b0       0x44 ..\obj\main.o
                0x080020b0                SetCursor
 .text.InitLCD  0x080020f4       0xa0 ..\obj\main.o
                0x080020f4                InitLCD
 .text.WriteChar
                0x08002194       0x1c ..\obj\main.o
                0x08002194                WriteChar
 .text.WriteText
                0x080021b0       0x48 ..\obj\main.o
                0x080021b0                WriteText
 .text.ClrScr   0x080021f8       0x1c ..\obj\main.o
                0x080021f8                ClrScr
 .text.main     0x08002214      0x9fc ..\obj\main.o
                0x08002214                main
 .text.TIM6_DAC_IRQHandler
                0x08002c10       0xb0 ..\obj\main.o
                0x08002c10                TIM6_DAC_IRQHandler
 .text.TIM7_IRQHandler
                0x08002cc0      0x364 ..\obj\main.o
                0x08002cc0                TIM7_IRQHandler
 .text.VarToString
                0x08003024      0x104 ..\obj\main.o
                0x08003024                VarToString
 .text.ExitWithErrors
                0x08003128       0xb0 ..\obj\main.o
                0x08003128                ExitWithErrors
 .text.TIM2_IRQHandler
                0x080031d8      0x1b8 ..\obj\main.o
                0x080031d8                TIM2_IRQHandler
 .text.RCC_DeInit
                0x08003390       0xa8 ..\obj\stm32f10x_rcc.o
                0x08003390                RCC_DeInit
 .text.RCC_HSICmd
                0x08003438       0x20 ..\obj\stm32f10x_rcc.o
                0x08003438                RCC_HSICmd
 .text.RCC_PLLConfig
                0x08003458       0x48 ..\obj\stm32f10x_rcc.o
                0x08003458                RCC_PLLConfig
 .text.RCC_PLLCmd
                0x080034a0       0x20 ..\obj\stm32f10x_rcc.o
                0x080034a0                RCC_PLLCmd
 .text.RCC_SYSCLKConfig
                0x080034c0       0x40 ..\obj\stm32f10x_rcc.o
                0x080034c0                RCC_SYSCLKConfig
 .text.RCC_GetSYSCLKSource
                0x08003500       0x20 ..\obj\stm32f10x_rcc.o
                0x08003500                RCC_GetSYSCLKSource
 .text.RCC_HCLKConfig
                0x08003520       0x40 ..\obj\stm32f10x_rcc.o
                0x08003520                RCC_HCLKConfig
 .text.RCC_PCLK1Config
                0x08003560       0x40 ..\obj\stm32f10x_rcc.o
                0x08003560                RCC_PCLK1Config
 .text.RCC_PCLK2Config
                0x080035a0       0x44 ..\obj\stm32f10x_rcc.o
                0x080035a0                RCC_PCLK2Config
 .text.RCC_ADCCLKConfig
                0x080035e4       0x40 ..\obj\stm32f10x_rcc.o
                0x080035e4                RCC_ADCCLKConfig
 .text.RCC_AHBPeriphClockCmd
                0x08003624       0x54 ..\obj\stm32f10x_rcc.o
                0x08003624                RCC_AHBPeriphClockCmd
 .text.RCC_APB2PeriphClockCmd
                0x08003678       0x54 ..\obj\stm32f10x_rcc.o
                0x08003678                RCC_APB2PeriphClockCmd
 .text.RCC_APB1PeriphClockCmd
                0x080036cc       0x54 ..\obj\stm32f10x_rcc.o
                0x080036cc                RCC_APB1PeriphClockCmd
 .text.RCC_APB2PeriphResetCmd
                0x08003720       0x54 ..\obj\stm32f10x_rcc.o
                0x08003720                RCC_APB2PeriphResetCmd
 .text.RCC_APB1PeriphResetCmd
                0x08003774       0x54 ..\obj\stm32f10x_rcc.o
                0x08003774                RCC_APB1PeriphResetCmd
 .text.RCC_GetFlagStatus
                0x080037c8       0x90 ..\obj\stm32f10x_rcc.o
                0x080037c8                RCC_GetFlagStatus
 .text.ADC_DeInit
                0x08003858       0x88 ..\obj\stm32f10x_adc.o
                0x08003858                ADC_DeInit
 .text.ADC_Init
                0x080038e0       0xb0 ..\obj\stm32f10x_adc.o
                0x080038e0                ADC_Init
 .text.ADC_Cmd  0x08003990       0x38 ..\obj\stm32f10x_adc.o
                0x08003990                ADC_Cmd
 .text.ADC_DMACmd
                0x080039c8       0x38 ..\obj\stm32f10x_adc.o
                0x080039c8                ADC_DMACmd
 .text.ADC_ResetCalibration
                0x08003a00       0x20 ..\obj\stm32f10x_adc.o
                0x08003a00                ADC_ResetCalibration
 .text.ADC_StartCalibration
                0x08003a20       0x20 ..\obj\stm32f10x_adc.o
                0x08003a20                ADC_StartCalibration
 .text.ADC_SoftwareStartConvCmd
                0x08003a40       0x38 ..\obj\stm32f10x_adc.o
                0x08003a40                ADC_SoftwareStartConvCmd
 .text.ADC_RegularChannelConfig
                0x08003a78      0x1bc ..\obj\stm32f10x_adc.o
                0x08003a78                ADC_RegularChannelConfig
 .text.FLASH_SetLatency
                0x08003c34       0x40 ..\obj\stm32f10x_flash.o
                0x08003c34                FLASH_SetLatency
 .text.FLASH_PrefetchBufferCmd
                0x08003c74       0x44 ..\obj\stm32f10x_flash.o
                0x08003c74                FLASH_PrefetchBufferCmd
 .text.DMA_Init
                0x08003cb8       0x80 ..\obj\stm32f10x_dma.o
                0x08003cb8                DMA_Init
 .text.DMA_Cmd  0x08003d38       0x38 ..\obj\stm32f10x_dma.o
                0x08003d38                DMA_Cmd
 .text.NVIC_Init
                0x08003d70       0xe8 ..\obj\misc.o
                0x08003d70                NVIC_Init
 *(.glue_7t)
 .glue_7t       0x00000000        0x0 linker stubs
 *(.glue_7)
 .glue_7        0x00000000        0x0 linker stubs
 *(.rodata .rodata* .gnu.linkonce.r.*)
 .rodata        0x08003e58      0x2b4 ..\obj\main.o

.vfp11_veneer   0x0800410c        0x0
 .vfp11_veneer  0x00000000        0x0 linker stubs

.v4_bx          0x0800410c        0x0
 .v4_bx         0x00000000        0x0 linker stubs

.iplt           0x0800410c        0x0
 .iplt          0x00000000        0x0 ..\obj\stm32f10x_tim.o

.rel.dyn        0x0800410c        0x0
 .rel.iplt      0x00000000        0x0 ..\obj\stm32f10x_tim.o

.ARM.extab
 *(.ARM.extab* .gnu.linkonce.armextab.*)
                0x0800410c                __exidx_start = .

.ARM.exidx
 *(.ARM.exidx* .gnu.linkonce.armexidx.*)
                0x0800410c                __exidx_end = .
                0x0800410c                . = ALIGN (0x4)
                0x0800410c                _etext = .
                0x0800410c                _sidata = .

.data           0x20000000        0x4 load address 0x0800410c
                0x20000000                _sdata = .
 *(.data .data.*)
 .data          0x20000000        0x4 ..\obj\main.o
                0x20000000                Vcc
                0x20000004                . = ALIGN (0x4)
                0x20000004                _edata = .

.igot.plt       0x20000004        0x0 load address 0x08004110
 .igot.plt      0x00000000        0x0 ..\obj\stm32f10x_tim.o

.bss            0x20000004       0xc4 load address 0x08004110
                0x20000004                _sbss = .
 *(.bss .bss.*)
 .bss           0x20000004       0x28 ..\obj\main.o
                0x20000004                ADCBuffer
                0x2000001c                RedButton
                0x2000001d                GreenButton
                0x2000001e                B1
                0x2000001f                B2
                0x20000020                CounterB1
                0x20000021                CounterB2
                0x20000024                Counter2
                0x20000028                Counter
 *(COMMON)
 COMMON         0x2000002c       0x9c ..\obj\main.o
                0x2000002c                PowerOK
                0x2000003c                Channel12V
                0x2000005c                SystemSettings
                0x20000064                Channel5VSB
                0x20000070                Channel5V
                0x20000090                BufferArray
                0x20000098                Power
                0x200000a8                Channel3V3
                0x200000c8                . = ALIGN (0x4)
                0x200000c8                _ebss = .

.co_stack       0x200000c8      0x400 load address 0x080041d4
                0x200000c8                . = ALIGN (0x8)
 *(.co_stack .co_stack.*)
 .co_stack      0x200000c8      0x400 ..\obj\startup_stm32f10x_md_vl.o
                0x200000c8                pulStack
                0x200004c8                . = ALIGN (0x4)
                0x200004c8                _end = .
LOAD ..\obj\stm32f10x_tim.o
LOAD ..\obj\startup_stm32f10x_md_vl.o
LOAD ..\obj\core_cm3.o
LOAD ..\obj\system_stm32f10x.o
LOAD ..\obj\stm32f10x_gpio.o
LOAD ..\obj\main.o
LOAD ..\obj\stm32f10x_rcc.o
LOAD ..\obj\stm32f10x_adc.o
LOAD ..\obj\stm32f10x_flash.o
LOAD ..\obj\stm32f10x_dma.o
LOAD ..\obj\misc.o
LOAD ..\obj\stm32f10x_spi.o
START GROUP
LOAD c:/coocox/bin/../lib/gcc/arm-none-eabi/4.7.3/armv7-m\libgcc.a
LOAD c:/coocox/bin/../lib/gcc/arm-none-eabi/4.7.3/../../../../arm-none-eabi/lib/armv7-m\libg.a
LOAD c:/coocox/bin/../lib/gcc/arm-none-eabi/4.7.3/../../../../arm-none-eabi/lib/armv7-m\libc.a
END GROUP
OUTPUT(Project1.elf elf32-littlearm)

.debug_info     0x00000000     0x69dc
 .debug_info    0x00000000     0x1e6c ..\obj\stm32f10x_tim.o
 .debug_info    0x00001e6c       0xff ..\obj\startup_stm32f10x_md_vl.o
 .debug_info    0x00001f6b      0x40c ..\obj\system_stm32f10x.o
 .debug_info    0x00002377      0x72e ..\obj\stm32f10x_gpio.o
 .debug_info    0x00002aa5     0x1764 ..\obj\main.o
 .debug_info    0x00004209      0x990 ..\obj\stm32f10x_rcc.o
 .debug_info    0x00004b99      0xc2b ..\obj\stm32f10x_adc.o
 .debug_info    0x000057c4      0x82e ..\obj\stm32f10x_flash.o
 .debug_info    0x00005ff2      0x4a6 ..\obj\stm32f10x_dma.o
 .debug_info    0x00006498      0x544 ..\obj\misc.o

.debug_abbrev   0x00000000      0xf9f
 .debug_abbrev  0x00000000      0x1b2 ..\obj\stm32f10x_tim.o
 .debug_abbrev  0x000001b2       0xa9 ..\obj\startup_stm32f10x_md_vl.o
 .debug_abbrev  0x0000025b      0x179 ..\obj\system_stm32f10x.o
 .debug_abbrev  0x000003d4      0x1ca ..\obj\stm32f10x_gpio.o
 .debug_abbrev  0x0000059e      0x28f ..\obj\main.o
 .debug_abbrev  0x0000082d      0x1bc ..\obj\stm32f10x_rcc.o
 .debug_abbrev  0x000009e9      0x19a ..\obj\stm32f10x_adc.o
 .debug_abbrev  0x00000b83      0x18d ..\obj\stm32f10x_flash.o
 .debug_abbrev  0x00000d10      0x157 ..\obj\stm32f10x_dma.o
 .debug_abbrev  0x00000e67      0x138 ..\obj\misc.o

.debug_loc      0x00000000     0x3848
 .debug_loc     0x00000000     0x13e8 ..\obj\stm32f10x_tim.o
 .debug_loc     0x000013e8       0x64 ..\obj\startup_stm32f10x_md_vl.o
 .debug_loc     0x0000144c       0xc8 ..\obj\system_stm32f10x.o
 .debug_loc     0x00001514      0x3e4 ..\obj\stm32f10x_gpio.o
 .debug_loc     0x000018f8      0x710 ..\obj\main.o
 .debug_loc     0x00002008      0x714 ..\obj\stm32f10x_rcc.o
 .debug_loc     0x0000271c      0x7d4 ..\obj\stm32f10x_adc.o
 .debug_loc     0x00002ef0      0x5d8 ..\obj\stm32f10x_flash.o
 .debug_loc     0x000034c8      0x268 ..\obj\stm32f10x_dma.o
 .debug_loc     0x00003730      0x118 ..\obj\misc.o

.debug_aranges  0x00000000      0x920
 .debug_aranges
                0x00000000      0x2f0 ..\obj\stm32f10x_tim.o
 .debug_aranges
                0x000002f0       0x28 ..\obj\startup_stm32f10x_md_vl.o
 .debug_aranges
                0x00000318       0x38 ..\obj\system_stm32f10x.o
 .debug_aranges
                0x00000350       0xa8 ..\obj\stm32f10x_gpio.o
 .debug_aranges
                0x000003f8      0x128 ..\obj\main.o
 .debug_aranges
                0x00000520      0x120 ..\obj\stm32f10x_rcc.o
 .debug_aranges
                0x00000640      0x138 ..\obj\stm32f10x_adc.o
 .debug_aranges
                0x00000778       0xf8 ..\obj\stm32f10x_flash.o
 .debug_aranges
                0x00000870       0x70 ..\obj\stm32f10x_dma.o
 .debug_aranges
                0x000008e0       0x40 ..\obj\misc.o

.debug_ranges   0x00000000      0x880
 .debug_ranges  0x00000000      0x2e0 ..\obj\stm32f10x_tim.o
 .debug_ranges  0x000002e0       0x18 ..\obj\startup_stm32f10x_md_vl.o
 .debug_ranges  0x000002f8       0x28 ..\obj\system_stm32f10x.o
 .debug_ranges  0x00000320       0x98 ..\obj\stm32f10x_gpio.o
 .debug_ranges  0x000003b8      0x118 ..\obj\main.o
 .debug_ranges  0x000004d0      0x110 ..\obj\stm32f10x_rcc.o
 .debug_ranges  0x000005e0      0x128 ..\obj\stm32f10x_adc.o
 .debug_ranges  0x00000708       0xe8 ..\obj\stm32f10x_flash.o
 .debug_ranges  0x000007f0       0x60 ..\obj\stm32f10x_dma.o
 .debug_ranges  0x00000850       0x30 ..\obj\misc.o

.debug_line     0x00000000     0x28af
 .debug_line    0x00000000      0x9f3 ..\obj\stm32f10x_tim.o
 .debug_line    0x000009f3       0x99 ..\obj\startup_stm32f10x_md_vl.o
 .debug_line    0x00000a8c      0x18e ..\obj\system_stm32f10x.o
 .debug_line    0x00000c1a      0x30d ..\obj\stm32f10x_gpio.o
 .debug_line    0x00000f27      0x8a2 ..\obj\main.o
 .debug_line    0x000017c9      0x42b ..\obj\stm32f10x_rcc.o
 .debug_line    0x00001bf4      0x481 ..\obj\stm32f10x_adc.o
 .debug_line    0x00002075      0x437 ..\obj\stm32f10x_flash.o
 .debug_line    0x000024ac      0x261 ..\obj\stm32f10x_dma.o
 .debug_line    0x0000270d      0x1a2 ..\obj\misc.o

.debug_str      0x00000000     0x2b87
 .debug_str     0x00000000      0xcd3 ..\obj\stm32f10x_tim.o
                                0xd74 (size before relaxing)
 .debug_str     0x00000cd3       0xa7 ..\obj\startup_stm32f10x_md_vl.o
                                0x10b (size before relaxing)
 .debug_str     0x00000d7a      0x14b ..\obj\system_stm32f10x.o
                                0x26b (size before relaxing)
 .debug_str     0x00000ec5      0x372 ..\obj\stm32f10x_gpio.o
                                0x4b0 (size before relaxing)
 .debug_str     0x00001237      0xa47 ..\obj\main.o
                                0xf35 (size before relaxing)
 .debug_str     0x00001c7e      0x411 ..\obj\stm32f10x_rcc.o
                                0x604 (size before relaxing)
 .debug_str     0x0000208f      0x460 ..\obj\stm32f10x_adc.o
                                0x692 (size before relaxing)
 .debug_str     0x000024ef      0x41f ..\obj\stm32f10x_flash.o
                                0x57f (size before relaxing)
 .debug_str     0x0000290e      0x133 ..\obj\stm32f10x_dma.o
                                0x358 (size before relaxing)
 .debug_str     0x00002a41      0x146 ..\obj\misc.o
                                0x35a (size before relaxing)

.comment        0x00000000       0x70
 .comment       0x00000000       0x70 ..\obj\stm32f10x_tim.o
                                 0x71 (size before relaxing)
 .comment       0x00000000       0x71 ..\obj\startup_stm32f10x_md_vl.o
 .comment       0x00000000       0x71 ..\obj\system_stm32f10x.o
 .comment       0x00000000       0x71 ..\obj\stm32f10x_gpio.o
 .comment       0x00000000       0x71 ..\obj\main.o
 .comment       0x00000000       0x71 ..\obj\stm32f10x_rcc.o
 .comment       0x00000000       0x71 ..\obj\stm32f10x_adc.o
 .comment       0x00000000       0x71 ..\obj\stm32f10x_flash.o
 .comment       0x00000000       0x71 ..\obj\stm32f10x_dma.o
 .comment       0x00000000       0x71 ..\obj\misc.o

.ARM.attributes
                0x00000000       0x33
 .ARM.attributes
                0x00000000       0x33 ..\obj\stm32f10x_tim.o
 .ARM.attributes
                0x00000033       0x33 ..\obj\startup_stm32f10x_md_vl.o
 .ARM.attributes
                0x00000066       0x33 ..\obj\system_stm32f10x.o
 .ARM.attributes
                0x00000099       0x33 ..\obj\stm32f10x_gpio.o
 .ARM.attributes
                0x000000cc       0x33 ..\obj\main.o
 .ARM.attributes
                0x000000ff       0x33 ..\obj\stm32f10x_rcc.o
 .ARM.attributes
                0x00000132       0x33 ..\obj\stm32f10x_adc.o
 .ARM.attributes
                0x00000165       0x33 ..\obj\stm32f10x_flash.o
 .ARM.attributes
                0x00000198       0x33 ..\obj\stm32f10x_dma.o
 .ARM.attributes
                0x000001cb       0x33 ..\obj\misc.o

.debug_frame    0x00000000     0x1db8
 .debug_frame   0x00000000      0xa20 ..\obj\stm32f10x_tim.o
 .debug_frame   0x00000a20       0x48 ..\obj\startup_stm32f10x_md_vl.o
 .debug_frame   0x00000a68       0x80 ..\obj\system_stm32f10x.o
 .debug_frame   0x00000ae8      0x210 ..\obj\stm32f10x_gpio.o
 .debug_frame   0x00000cf8      0x404 ..\obj\main.o
 .debug_frame   0x000010fc      0x3a4 ..\obj\stm32f10x_rcc.o
 .debug_frame   0x000014a0      0x400 ..\obj\stm32f10x_adc.o
 .debug_frame   0x000018a0      0x338 ..\obj\stm32f10x_flash.o
 .debug_frame   0x00001bd8      0x144 ..\obj\stm32f10x_dma.o
 .debug_frame   0x00001d1c       0x9c ..\obj\misc.o
