
Allocating common symbols
Common symbol       size              file

Scenario            0x1               ..\obj\main.o
PowerOK             0x14              ..\obj\main.o
PostScenario        0x1               ..\obj\main.o
Channel12V          0x20              ..\obj\main.o
Button              0x6               ..\obj\main.o
Beep                0x4               ..\obj\main.o
SystemSettings      0x18              ..\obj\main.o
LCDBuffer           0x28              ..\obj\main.o
Channel5VSB         0xc               ..\obj\main.o
Channel5V           0x20              ..\obj\main.o
BufferArray         0x7               ..\obj\main.o
Power               0x10              ..\obj\main.o
Channel3V3          0x20              ..\obj\main.o

Discarded input sections

 .text          0x00000000        0x0 ..\obj\stm32f10x_tim.o
 .data          0x00000000        0x0 ..\obj\stm32f10x_tim.o
 .bss           0x00000000        0x0 ..\obj\stm32f10x_tim.o
 .text.TIM_OC4Init
                0x00000000       0xe0 ..\obj\stm32f10x_tim.o
 .text.TIM_ICInit
                0x00000000       0xa8 ..\obj\stm32f10x_tim.o
 .text.TIM_PWMIConfig
                0x00000000       0xc4 ..\obj\stm32f10x_tim.o
 .text.TIM_BDTRConfig
                0x00000000       0x50 ..\obj\stm32f10x_tim.o
 .text.TIM_TimeBaseStructInit
                0x00000000       0x3c ..\obj\stm32f10x_tim.o
 .text.TIM_OCStructInit
                0x00000000       0x54 ..\obj\stm32f10x_tim.o
 .text.TIM_ICStructInit
                0x00000000       0x3c ..\obj\stm32f10x_tim.o
 .text.TIM_BDTRStructInit
                0x00000000       0x4c ..\obj\stm32f10x_tim.o
 .text.TIM_GenerateEvent
                0x00000000       0x1c ..\obj\stm32f10x_tim.o
 .text.TIM_DMAConfig
                0x00000000       0x28 ..\obj\stm32f10x_tim.o
 .text.TIM_DMACmd
                0x00000000       0x48 ..\obj\stm32f10x_tim.o
 .text.TIM_InternalClockConfig
                0x00000000       0x24 ..\obj\stm32f10x_tim.o
 .text.TIM_ITRxExternalClockConfig
                0x00000000       0x30 ..\obj\stm32f10x_tim.o
 .text.TIM_TIxExternalClockConfig
                0x00000000       0x58 ..\obj\stm32f10x_tim.o
 .text.TIM_ETRClockMode1Config
                0x00000000       0x54 ..\obj\stm32f10x_tim.o
 .text.TIM_ETRClockMode2Config
                0x00000000       0x34 ..\obj\stm32f10x_tim.o
 .text.TIM_ETRConfig
                0x00000000       0x4c ..\obj\stm32f10x_tim.o
 .text.TIM_PrescalerConfig
                0x00000000       0x28 ..\obj\stm32f10x_tim.o
 .text.TIM_CounterModeConfig
                0x00000000       0x38 ..\obj\stm32f10x_tim.o
 .text.TIM_SelectInputTrigger
                0x00000000       0x38 ..\obj\stm32f10x_tim.o
 .text.TIM_EncoderInterfaceConfig
                0x00000000       0x94 ..\obj\stm32f10x_tim.o
 .text.TIM_ForcedOC1Config
                0x00000000       0x38 ..\obj\stm32f10x_tim.o
 .text.TIM_ForcedOC2Config
                0x00000000       0x40 ..\obj\stm32f10x_tim.o
 .text.TIM_ForcedOC3Config
                0x00000000       0x38 ..\obj\stm32f10x_tim.o
 .text.TIM_ForcedOC4Config
                0x00000000       0x40 ..\obj\stm32f10x_tim.o
 .text.TIM_ARRPreloadConfig
                0x00000000       0x40 ..\obj\stm32f10x_tim.o
 .text.TIM_SelectCOM
                0x00000000       0x40 ..\obj\stm32f10x_tim.o
 .text.TIM_SelectCCDMA
                0x00000000       0x40 ..\obj\stm32f10x_tim.o
 .text.TIM_CCPreloadControl
                0x00000000       0x40 ..\obj\stm32f10x_tim.o
 .text.TIM_OC1PreloadConfig
                0x00000000       0x38 ..\obj\stm32f10x_tim.o
 .text.TIM_OC2PreloadConfig
                0x00000000       0x40 ..\obj\stm32f10x_tim.o
 .text.TIM_OC3PreloadConfig
                0x00000000       0x38 ..\obj\stm32f10x_tim.o
 .text.TIM_OC4PreloadConfig
                0x00000000       0x40 ..\obj\stm32f10x_tim.o
 .text.TIM_OC1FastConfig
                0x00000000       0x38 ..\obj\stm32f10x_tim.o
 .text.TIM_OC2FastConfig
                0x00000000       0x40 ..\obj\stm32f10x_tim.o
 .text.TIM_OC3FastConfig
                0x00000000       0x38 ..\obj\stm32f10x_tim.o
 .text.TIM_OC4FastConfig
                0x00000000       0x40 ..\obj\stm32f10x_tim.o
 .text.TIM_ClearOC1Ref
                0x00000000       0x38 ..\obj\stm32f10x_tim.o
 .text.TIM_ClearOC2Ref
                0x00000000       0x44 ..\obj\stm32f10x_tim.o
 .text.TIM_ClearOC3Ref
                0x00000000       0x38 ..\obj\stm32f10x_tim.o
 .text.TIM_ClearOC4Ref
                0x00000000       0x44 ..\obj\stm32f10x_tim.o
 .text.TIM_OC1PolarityConfig
                0x00000000       0x38 ..\obj\stm32f10x_tim.o
 .text.TIM_OC1NPolarityConfig
                0x00000000       0x38 ..\obj\stm32f10x_tim.o
 .text.TIM_OC2PolarityConfig
                0x00000000       0x40 ..\obj\stm32f10x_tim.o
 .text.TIM_OC2NPolarityConfig
                0x00000000       0x40 ..\obj\stm32f10x_tim.o
 .text.TIM_OC3PolarityConfig
                0x00000000       0x40 ..\obj\stm32f10x_tim.o
 .text.TIM_OC3NPolarityConfig
                0x00000000       0x40 ..\obj\stm32f10x_tim.o
 .text.TIM_OC4PolarityConfig
                0x00000000       0x40 ..\obj\stm32f10x_tim.o
 .text.TIM_CCxCmd
                0x00000000       0x5c ..\obj\stm32f10x_tim.o
 .text.TIM_CCxNCmd
                0x00000000       0x5c ..\obj\stm32f10x_tim.o
 .text.TIM_SelectOCxM
                0x00000000       0xbc ..\obj\stm32f10x_tim.o
 .text.TIM_UpdateDisableConfig
                0x00000000       0x40 ..\obj\stm32f10x_tim.o
 .text.TIM_UpdateRequestConfig
                0x00000000       0x40 ..\obj\stm32f10x_tim.o
 .text.TIM_SelectHallSensor
                0x00000000       0x40 ..\obj\stm32f10x_tim.o
 .text.TIM_SelectOnePulseMode
                0x00000000       0x38 ..\obj\stm32f10x_tim.o
 .text.TIM_SelectOutputTrigger
                0x00000000       0x38 ..\obj\stm32f10x_tim.o
 .text.TIM_SelectSlaveMode
                0x00000000       0x38 ..\obj\stm32f10x_tim.o
 .text.TIM_SelectMasterSlaveMode
                0x00000000       0x38 ..\obj\stm32f10x_tim.o
 .text.TIM_SetCounter
                0x00000000       0x1c ..\obj\stm32f10x_tim.o
 .text.TIM_SetAutoreload
                0x00000000       0x1c ..\obj\stm32f10x_tim.o
 .text.TIM_SetCompare1
                0x00000000       0x1c ..\obj\stm32f10x_tim.o
 .text.TIM_SetCompare2
                0x00000000       0x1c ..\obj\stm32f10x_tim.o
 .text.TIM_SetCompare3
                0x00000000       0x1c ..\obj\stm32f10x_tim.o
 .text.TIM_SetCompare4
                0x00000000       0x20 ..\obj\stm32f10x_tim.o
 .text.TIM_SetIC1Prescaler
                0x00000000       0x38 ..\obj\stm32f10x_tim.o
 .text.TIM_SetIC2Prescaler
                0x00000000       0x3c ..\obj\stm32f10x_tim.o
 .text.TIM_SetIC3Prescaler
                0x00000000       0x38 ..\obj\stm32f10x_tim.o
 .text.TIM_SetIC4Prescaler
                0x00000000       0x3c ..\obj\stm32f10x_tim.o
 .text.TIM_SetClockDivision
                0x00000000       0x38 ..\obj\stm32f10x_tim.o
 .text.TIM_GetCapture1
                0x00000000       0x1c ..\obj\stm32f10x_tim.o
 .text.TIM_GetCapture2
                0x00000000       0x1c ..\obj\stm32f10x_tim.o
 .text.TIM_GetCapture3
                0x00000000       0x1c ..\obj\stm32f10x_tim.o
 .text.TIM_GetCapture4
                0x00000000       0x1c ..\obj\stm32f10x_tim.o
 .text.TIM_GetCounter
                0x00000000       0x1c ..\obj\stm32f10x_tim.o
 .text.TIM_GetPrescaler
                0x00000000       0x1c ..\obj\stm32f10x_tim.o
 .text.TIM_GetFlagStatus
                0x00000000       0x40 ..\obj\stm32f10x_tim.o
 .text.TIM_GetITStatus
                0x00000000       0x60 ..\obj\stm32f10x_tim.o
 .text.TI1_Config
                0x00000000       0xe4 ..\obj\stm32f10x_tim.o
 .text.TI2_Config
                0x00000000      0x104 ..\obj\stm32f10x_tim.o
 .text.TI3_Config
                0x00000000       0xf4 ..\obj\stm32f10x_tim.o
 .text.TI4_Config
                0x00000000      0x10c ..\obj\stm32f10x_tim.o
 .text          0x00000000        0x0 ..\obj\startup_stm32f10x_md_vl.o
 .data          0x00000000        0x0 ..\obj\startup_stm32f10x_md_vl.o
 .bss           0x00000000        0x0 ..\obj\startup_stm32f10x_md_vl.o
 .text          0x00000000        0x0 ..\obj\core_cm3.o
 .data          0x00000000        0x0 ..\obj\core_cm3.o
 .bss           0x00000000        0x0 ..\obj\core_cm3.o
 .text.__get_PSP
                0x00000000       0x10 ..\obj\core_cm3.o
 .text.__set_PSP
                0x00000000        0x8 ..\obj\core_cm3.o
 .text.__get_MSP
                0x00000000       0x10 ..\obj\core_cm3.o
 .text.__set_MSP
                0x00000000        0x8 ..\obj\core_cm3.o
 .text.__get_BASEPRI
                0x00000000       0x20 ..\obj\core_cm3.o
 .text.__set_BASEPRI
                0x00000000       0x18 ..\obj\core_cm3.o
 .text.__get_PRIMASK
                0x00000000       0x20 ..\obj\core_cm3.o
 .text.__set_PRIMASK
                0x00000000       0x18 ..\obj\core_cm3.o
 .text.__get_FAULTMASK
                0x00000000       0x20 ..\obj\core_cm3.o
 .text.__set_FAULTMASK
                0x00000000       0x18 ..\obj\core_cm3.o
 .text.__get_CONTROL
                0x00000000       0x20 ..\obj\core_cm3.o
 .text.__set_CONTROL
                0x00000000       0x18 ..\obj\core_cm3.o
 .text.__REV    0x00000000       0x24 ..\obj\core_cm3.o
 .text.__REV16  0x00000000       0x24 ..\obj\core_cm3.o
 .text.__REVSH  0x00000000       0x24 ..\obj\core_cm3.o
 .text.__RBIT   0x00000000       0x24 ..\obj\core_cm3.o
 .text.__LDREXB
                0x00000000       0x24 ..\obj\core_cm3.o
 .text.__LDREXH
                0x00000000       0x24 ..\obj\core_cm3.o
 .text.__LDREXW
                0x00000000       0x24 ..\obj\core_cm3.o
 .text.__STREXB
                0x00000000       0x2c ..\obj\core_cm3.o
 .text.__STREXH
                0x00000000       0x2c ..\obj\core_cm3.o
 .text.__STREXW
                0x00000000       0x28 ..\obj\core_cm3.o
 .debug_info    0x00000000      0x55e ..\obj\core_cm3.o
 .debug_abbrev  0x00000000       0xe4 ..\obj\core_cm3.o
 .debug_loc     0x00000000      0x3f0 ..\obj\core_cm3.o
 .debug_aranges
                0x00000000       0xc8 ..\obj\core_cm3.o
 .debug_ranges  0x00000000       0xb8 ..\obj\core_cm3.o
 .debug_line    0x00000000      0x259 ..\obj\core_cm3.o
 .debug_str     0x00000000      0x25e ..\obj\core_cm3.o
 .comment       0x00000000       0x71 ..\obj\core_cm3.o
 .ARM.attributes
                0x00000000       0x33 ..\obj\core_cm3.o
 .debug_frame   0x00000000      0x280 ..\obj\core_cm3.o
 .text          0x00000000        0x0 ..\obj\system_stm32f10x.o
 .data          0x00000000       0x14 ..\obj\system_stm32f10x.o
 .bss           0x00000000        0x0 ..\obj\system_stm32f10x.o
 .text.SystemCoreClockUpdate
                0x00000000      0x13c ..\obj\system_stm32f10x.o
 .text          0x00000000        0x0 ..\obj\stm32f10x_gpio.o
 .data          0x00000000        0x0 ..\obj\stm32f10x_gpio.o
 .bss           0x00000000        0x0 ..\obj\stm32f10x_gpio.o
 .text.GPIO_DeInit
                0x00000000      0x128 ..\obj\stm32f10x_gpio.o
 .text.GPIO_AFIODeInit
                0x00000000       0x20 ..\obj\stm32f10x_gpio.o
 .text.GPIO_StructInit
                0x00000000       0x2c ..\obj\stm32f10x_gpio.o
 .text.GPIO_ReadInputDataBit
                0x00000000       0x3c ..\obj\stm32f10x_gpio.o
 .text.GPIO_ReadInputData
                0x00000000       0x1c ..\obj\stm32f10x_gpio.o
 .text.GPIO_ReadOutputDataBit
                0x00000000       0x3c ..\obj\stm32f10x_gpio.o
 .text.GPIO_ReadOutputData
                0x00000000       0x1c ..\obj\stm32f10x_gpio.o
 .text.GPIO_SetBits
                0x00000000       0x1c ..\obj\stm32f10x_gpio.o
 .text.GPIO_ResetBits
                0x00000000       0x1c ..\obj\stm32f10x_gpio.o
 .text.GPIO_Write
                0x00000000       0x1c ..\obj\stm32f10x_gpio.o
 .text.GPIO_PinLockConfig
                0x00000000       0x44 ..\obj\stm32f10x_gpio.o
 .text.GPIO_EventOutputConfig
                0x00000000       0x54 ..\obj\stm32f10x_gpio.o
 .text.GPIO_EventOutputCmd
                0x00000000       0x20 ..\obj\stm32f10x_gpio.o
 .text.GPIO_EXTILineConfig
                0x00000000       0xb0 ..\obj\stm32f10x_gpio.o
 .text.GPIO_ETH_MediaInterfaceConfig
                0x00000000       0x20 ..\obj\stm32f10x_gpio.o
 .text          0x00000000        0x0 ..\obj\main.o
 .text.ADCToCurrent
                0x00000000      0x15c ..\obj\main.o
 .text.IntToString
                0x00000000      0x134 ..\obj\main.o
 .text          0x00000000        0x0 ..\obj\stm32f10x_rcc.o
 .data          0x00000000       0x14 ..\obj\stm32f10x_rcc.o
 .bss           0x00000000        0x0 ..\obj\stm32f10x_rcc.o
 .text.RCC_HSEConfig
                0x00000000       0x88 ..\obj\stm32f10x_rcc.o
 .text.RCC_WaitForHSEStartUp
                0x00000000       0x64 ..\obj\stm32f10x_rcc.o
 .text.RCC_AdjustHSICalibrationValue
                0x00000000       0x48 ..\obj\stm32f10x_rcc.o
 .text.RCC_PREDIV1Config
                0x00000000       0x4c ..\obj\stm32f10x_rcc.o
 .text.RCC_ITConfig
                0x00000000       0x60 ..\obj\stm32f10x_rcc.o
 .text.RCC_USBCLKConfig
                0x00000000       0x20 ..\obj\stm32f10x_rcc.o
 .text.RCC_LSEConfig
                0x00000000       0x60 ..\obj\stm32f10x_rcc.o
 .text.RCC_LSICmd
                0x00000000       0x20 ..\obj\stm32f10x_rcc.o
 .text.RCC_RTCCLKConfig
                0x00000000       0x2c ..\obj\stm32f10x_rcc.o
 .text.RCC_RTCCLKCmd
                0x00000000       0x20 ..\obj\stm32f10x_rcc.o
 .text.RCC_GetClocksFreq
                0x00000000      0x1cc ..\obj\stm32f10x_rcc.o
 .text.RCC_BackupResetCmd
                0x00000000       0x20 ..\obj\stm32f10x_rcc.o
 .text.RCC_ClockSecuritySystemCmd
                0x00000000       0x20 ..\obj\stm32f10x_rcc.o
 .text.RCC_MCOConfig
                0x00000000       0x20 ..\obj\stm32f10x_rcc.o
 .text.RCC_ClearFlag
                0x00000000       0x24 ..\obj\stm32f10x_rcc.o
 .text.RCC_GetITStatus
                0x00000000       0x40 ..\obj\stm32f10x_rcc.o
 .text.RCC_ClearITPendingBit
                0x00000000       0x20 ..\obj\stm32f10x_rcc.o
 .text          0x00000000        0x0 ..\obj\stm32f10x_adc.o
 .data          0x00000000        0x0 ..\obj\stm32f10x_adc.o
 .bss           0x00000000        0x0 ..\obj\stm32f10x_adc.o
 .text.ADC_StructInit
                0x00000000       0x44 ..\obj\stm32f10x_adc.o
 .text.ADC_ITConfig
                0x00000000       0x48 ..\obj\stm32f10x_adc.o
 .text.ADC_GetResetCalibrationStatus
                0x00000000       0x38 ..\obj\stm32f10x_adc.o
 .text.ADC_GetCalibrationStatus
                0x00000000       0x38 ..\obj\stm32f10x_adc.o
 .text.ADC_GetSoftwareStartConvStatus
                0x00000000       0x38 ..\obj\stm32f10x_adc.o
 .text.ADC_DiscModeChannelCountConfig
                0x00000000       0x4c ..\obj\stm32f10x_adc.o
 .text.ADC_DiscModeCmd
                0x00000000       0x38 ..\obj\stm32f10x_adc.o
 .text.ADC_ExternalTrigConvCmd
                0x00000000       0x38 ..\obj\stm32f10x_adc.o
 .text.ADC_GetConversionValue
                0x00000000       0x1c ..\obj\stm32f10x_adc.o
 .text.ADC_GetDualModeConversionValue
                0x00000000       0x18 ..\obj\stm32f10x_adc.o
 .text.ADC_AutoInjectedConvCmd
                0x00000000       0x38 ..\obj\stm32f10x_adc.o
 .text.ADC_InjectedDiscModeCmd
                0x00000000       0x38 ..\obj\stm32f10x_adc.o
 .text.ADC_ExternalTrigInjectedConvConfig
                0x00000000       0x38 ..\obj\stm32f10x_adc.o
 .text.ADC_ExternalTrigInjectedConvCmd
                0x00000000       0x38 ..\obj\stm32f10x_adc.o
 .text.ADC_SoftwareStartInjectedConvCmd
                0x00000000       0x38 ..\obj\stm32f10x_adc.o
 .text.ADC_GetSoftwareStartInjectedConvCmdStatus
                0x00000000       0x38 ..\obj\stm32f10x_adc.o
 .text.ADC_InjectedChannelConfig
                0x00000000      0x144 ..\obj\stm32f10x_adc.o
 .text.ADC_InjectedSequencerLengthConfig
                0x00000000       0x4c ..\obj\stm32f10x_adc.o
 .text.ADC_SetInjectedOffset
                0x00000000       0x34 ..\obj\stm32f10x_adc.o
 .text.ADC_GetInjectedConversionValue
                0x00000000       0x34 ..\obj\stm32f10x_adc.o
 .text.ADC_AnalogWatchdogCmd
                0x00000000       0x3c ..\obj\stm32f10x_adc.o
 .text.ADC_AnalogWatchdogThresholdsConfig
                0x00000000       0x28 ..\obj\stm32f10x_adc.o
 .text.ADC_AnalogWatchdogSingleChannelConfig
                0x00000000       0x38 ..\obj\stm32f10x_adc.o
 .text.ADC_TempSensorVrefintCmd
                0x00000000       0x4c ..\obj\stm32f10x_adc.o
 .text.ADC_GetFlagStatus
                0x00000000       0x3c ..\obj\stm32f10x_adc.o
 .text.ADC_ClearFlag
                0x00000000       0x20 ..\obj\stm32f10x_adc.o
 .text.ADC_GetITStatus
                0x00000000       0x64 ..\obj\stm32f10x_adc.o
 .text.ADC_ClearITPendingBit
                0x00000000       0x30 ..\obj\stm32f10x_adc.o
 .text          0x00000000        0x0 ..\obj\stm32f10x_flash.o
 .data          0x00000000        0x0 ..\obj\stm32f10x_flash.o
 .bss           0x00000000        0x0 ..\obj\stm32f10x_flash.o
 .text.FLASH_HalfCycleAccessCmd
                0x00000000       0x44 ..\obj\stm32f10x_flash.o
 .text.FLASH_Unlock
                0x00000000       0x30 ..\obj\stm32f10x_flash.o
 .text.FLASH_UnlockBank1
                0x00000000       0x30 ..\obj\stm32f10x_flash.o
 .text.FLASH_Lock
                0x00000000       0x24 ..\obj\stm32f10x_flash.o
 .text.FLASH_LockBank1
                0x00000000       0x24 ..\obj\stm32f10x_flash.o
 .text.FLASH_ErasePage
                0x00000000       0x90 ..\obj\stm32f10x_flash.o
 .text.FLASH_EraseAllPages
                0x00000000       0x80 ..\obj\stm32f10x_flash.o
 .text.FLASH_EraseAllBank1Pages
                0x00000000       0x80 ..\obj\stm32f10x_flash.o
 .text.FLASH_EraseOptionBytes
                0x00000000      0x134 ..\obj\stm32f10x_flash.o
 .text.FLASH_ProgramWord
                0x00000000       0xbc ..\obj\stm32f10x_flash.o
 .text.FLASH_ProgramHalfWord
                0x00000000       0x74 ..\obj\stm32f10x_flash.o
 .text.FLASH_ProgramOptionByteData
                0x00000000       0xa0 ..\obj\stm32f10x_flash.o
 .text.FLASH_EnableWriteProtection
                0x00000000      0x15c ..\obj\stm32f10x_flash.o
 .text.FLASH_ReadOutProtection
                0x00000000      0x13c ..\obj\stm32f10x_flash.o
 .text.FLASH_UserOptionByteConfig
                0x00000000       0xbc ..\obj\stm32f10x_flash.o
 .text.FLASH_GetUserOptionByte
                0x00000000       0x1c ..\obj\stm32f10x_flash.o
 .text.FLASH_GetWriteProtectionOptionByte
                0x00000000       0x18 ..\obj\stm32f10x_flash.o
 .text.FLASH_GetReadOutProtectionStatus
                0x00000000       0x3c ..\obj\stm32f10x_flash.o
 .text.FLASH_GetPrefetchBufferStatus
                0x00000000       0x3c ..\obj\stm32f10x_flash.o
 .text.FLASH_ITConfig
                0x00000000       0x54 ..\obj\stm32f10x_flash.o
 .text.FLASH_GetFlagStatus
                0x00000000       0x64 ..\obj\stm32f10x_flash.o
 .text.FLASH_ClearFlag
                0x00000000       0x20 ..\obj\stm32f10x_flash.o
 .text.FLASH_GetStatus
                0x00000000       0x70 ..\obj\stm32f10x_flash.o
 .text.FLASH_GetBank1Status
                0x00000000       0x70 ..\obj\stm32f10x_flash.o
 .text.FLASH_WaitForLastOperation
                0x00000000       0x4c ..\obj\stm32f10x_flash.o
 .text.FLASH_WaitForLastBank1Operation
                0x00000000       0x4c ..\obj\stm32f10x_flash.o
 .text          0x00000000        0x0 ..\obj\stm32f10x_dma.o
 .data          0x00000000        0x0 ..\obj\stm32f10x_dma.o
 .bss           0x00000000        0x0 ..\obj\stm32f10x_dma.o
 .text.DMA_DeInit
                0x00000000      0x220 ..\obj\stm32f10x_dma.o
 .text.DMA_StructInit
                0x00000000       0x6c ..\obj\stm32f10x_dma.o
 .text.DMA_ITConfig
                0x00000000       0x3c ..\obj\stm32f10x_dma.o
 .text.DMA_SetCurrDataCounter
                0x00000000       0x1c ..\obj\stm32f10x_dma.o
 .text.DMA_GetCurrDataCounter
                0x00000000       0x1c ..\obj\stm32f10x_dma.o
 .text.DMA_GetFlagStatus
                0x00000000       0x60 ..\obj\stm32f10x_dma.o
 .text.DMA_ClearFlag
                0x00000000       0x38 ..\obj\stm32f10x_dma.o
 .text.DMA_GetITStatus
                0x00000000       0x60 ..\obj\stm32f10x_dma.o
 .text.DMA_ClearITPendingBit
                0x00000000       0x38 ..\obj\stm32f10x_dma.o
 .text          0x00000000        0x0 ..\obj\misc.o
 .data          0x00000000        0x0 ..\obj\misc.o
 .bss           0x00000000        0x0 ..\obj\misc.o
 .text.NVIC_PriorityGroupConfig
                0x00000000       0x28 ..\obj\misc.o
 .text.NVIC_SetVectorTable
                0x00000000       0x2c ..\obj\misc.o
 .text.NVIC_SystemLPConfig
                0x00000000       0x54 ..\obj\misc.o
 .text.SysTick_CLKSourceConfig
                0x00000000       0x4c ..\obj\misc.o
 .text          0x00000000        0x0 ..\obj\stm32f10x_spi.o
 .data          0x00000000        0x0 ..\obj\stm32f10x_spi.o
 .bss           0x00000000        0x0 ..\obj\stm32f10x_spi.o
 .text.SPI_I2S_DeInit
                0x00000000       0x88 ..\obj\stm32f10x_spi.o
 .text.SPI_Init
                0x00000000       0x88 ..\obj\stm32f10x_spi.o
 .text.I2S_Init
                0x00000000      0x198 ..\obj\stm32f10x_spi.o
 .text.SPI_StructInit
                0x00000000       0x5c ..\obj\stm32f10x_spi.o
 .text.I2S_StructInit
                0x00000000       0x44 ..\obj\stm32f10x_spi.o
 .text.SPI_Cmd  0x00000000       0x40 ..\obj\stm32f10x_spi.o
 .text.I2S_Cmd  0x00000000       0x40 ..\obj\stm32f10x_spi.o
 .text.SPI_I2S_ITConfig
                0x00000000       0x6c ..\obj\stm32f10x_spi.o
 .text.SPI_I2S_DMACmd
                0x00000000       0x48 ..\obj\stm32f10x_spi.o
 .text.SPI_I2S_SendData
                0x00000000       0x1c ..\obj\stm32f10x_spi.o
 .text.SPI_I2S_ReceiveData
                0x00000000       0x1c ..\obj\stm32f10x_spi.o
 .text.SPI_NSSInternalSoftwareConfig
                0x00000000       0x44 ..\obj\stm32f10x_spi.o
 .text.SPI_SSOutputCmd
                0x00000000       0x40 ..\obj\stm32f10x_spi.o
 .text.SPI_DataSizeConfig
                0x00000000       0x38 ..\obj\stm32f10x_spi.o
 .text.SPI_TransmitCRC
                0x00000000       0x24 ..\obj\stm32f10x_spi.o
 .text.SPI_CalculateCRC
                0x00000000       0x40 ..\obj\stm32f10x_spi.o
 .text.SPI_GetCRC
                0x00000000       0x34 ..\obj\stm32f10x_spi.o
 .text.SPI_GetCRCPolynomial
                0x00000000       0x1c ..\obj\stm32f10x_spi.o
 .text.SPI_BiDirectionalLineConfig
                0x00000000       0x40 ..\obj\stm32f10x_spi.o
 .text.SPI_I2S_GetFlagStatus
                0x00000000       0x40 ..\obj\stm32f10x_spi.o
 .text.SPI_I2S_ClearFlag
                0x00000000       0x24 ..\obj\stm32f10x_spi.o
 .text.SPI_I2S_GetITStatus
                0x00000000       0x88 ..\obj\stm32f10x_spi.o
 .text.SPI_I2S_ClearITPendingBit
                0x00000000       0x38 ..\obj\stm32f10x_spi.o
 .debug_info    0x00000000      0x981 ..\obj\stm32f10x_spi.o
 .debug_abbrev  0x00000000      0x180 ..\obj\stm32f10x_spi.o
 .debug_loc     0x00000000      0x508 ..\obj\stm32f10x_spi.o
 .debug_aranges
                0x00000000       0xd0 ..\obj\stm32f10x_spi.o
 .debug_ranges  0x00000000       0xc0 ..\obj\stm32f10x_spi.o
 .debug_line    0x00000000      0x390 ..\obj\stm32f10x_spi.o
 .debug_str     0x00000000      0x598 ..\obj\stm32f10x_spi.o
 .comment       0x00000000       0x71 ..\obj\stm32f10x_spi.o
 .ARM.attributes
                0x00000000       0x33 ..\obj\stm32f10x_spi.o
 .debug_frame   0x00000000      0x29c ..\obj\stm32f10x_spi.o

Memory Configuration

Name             Origin             Length             Attributes
rom              0x08000000         0x00040000         xr
ram              0x20000000         0x00006000         xrw
*default*        0x00000000         0xffffffff

Linker script and memory map

                0x20006000                _eram = 0x20006000

.text           0x08000000     0x68fc
 *(.isr_vector .isr_vector.*)
 .isr_vector    0x08000000      0x124 ..\obj\startup_stm32f10x_md_vl.o
                0x08000000                g_pfnVectors
 *(.text .text.* .gnu.linkonce.t.*)
 .text.TIM_DeInit
                0x08000124      0x2b0 ..\obj\stm32f10x_tim.o
                0x08000124                TIM_DeInit
 .text.TIM_TimeBaseInit
                0x080003d4      0x11c ..\obj\stm32f10x_tim.o
                0x080003d4                TIM_TimeBaseInit
 .text.TIM_OC1Init
                0x080004f0      0x128 ..\obj\stm32f10x_tim.o
                0x080004f0                TIM_OC1Init
 .text.TIM_OC2Init
                0x08000618      0x128 ..\obj\stm32f10x_tim.o
                0x08000618                TIM_OC2Init
 .text.TIM_OC3Init
                0x08000740      0x120 ..\obj\stm32f10x_tim.o
                0x08000740                TIM_OC3Init
 .text.TIM_Cmd  0x08000860       0x40 ..\obj\stm32f10x_tim.o
                0x08000860                TIM_Cmd
 .text.TIM_CtrlPWMOutputs
                0x080008a0       0x50 ..\obj\stm32f10x_tim.o
                0x080008a0                TIM_CtrlPWMOutputs
 .text.TIM_ITConfig
                0x080008f0       0x48 ..\obj\stm32f10x_tim.o
                0x080008f0                TIM_ITConfig
 .text.TIM_ClearFlag
                0x08000938       0x24 ..\obj\stm32f10x_tim.o
                0x08000938                TIM_ClearFlag
 .text.TIM_ClearITPendingBit
                0x0800095c       0x24 ..\obj\stm32f10x_tim.o
                0x0800095c                TIM_ClearITPendingBit
 .text.Default_Reset_Handler
                0x08000980       0x70 ..\obj\startup_stm32f10x_md_vl.o
                0x08000980                Default_Reset_Handler
                0x08000980                Reset_Handler
 .text.Default_Handler
                0x080009f0        0x8 ..\obj\startup_stm32f10x_md_vl.o
                0x080009f0                EXTI2_IRQHandler
                0x080009f0                DebugMon_Handler
                0x080009f0                TIM1_CC_IRQHandler
                0x080009f0                HardFault_Handler
                0x080009f0                SysTick_Handler
                0x080009f0                PVD_IRQHandler
                0x080009f0                PendSV_Handler
                0x080009f0                NMI_Handler
                0x080009f0                EXTI3_IRQHandler
                0x080009f0                EXTI0_IRQHandler
                0x080009f0                I2C2_EV_IRQHandler
                0x080009f0                TIM1_UP_TIM16_IRQHandler
                0x080009f0                UsageFault_Handler
                0x080009f0                SPI1_IRQHandler
                0x080009f0                TAMPER_IRQHandler
                0x080009f0                DMA1_Channel4_IRQHandler
                0x080009f0                ADC1_IRQHandler
                0x080009f0                USART3_IRQHandler
                0x080009f0                RTC_IRQHandler
                0x080009f0                DMA1_Channel7_IRQHandler
                0x080009f0                TIM4_IRQHandler
                0x080009f0                I2C1_EV_IRQHandler
                0x080009f0                DMA1_Channel6_IRQHandler
                0x080009f0                TIM3_IRQHandler
                0x080009f0                RCC_IRQHandler
                0x080009f0                DMA1_Channel1_IRQHandler
                0x080009f0                CEC_IRQHandler
                0x080009f0                EXTI15_10_IRQHandler
                0x080009f0                EXTI9_5_IRQHandler
                0x080009f0                SPI2_IRQHandler
                0x080009f0                MemManage_Handler
                0x080009f0                SVC_Handler
                0x080009f0                DMA1_Channel5_IRQHandler
                0x080009f0                EXTI4_IRQHandler
                0x080009f0                TIM1_TRG_COM_TIM17_IRQHandler
                0x080009f0                DMA1_Channel3_IRQHandler
                0x080009f0                WWDG_IRQHandler
                0x080009f0                EXTI1_IRQHandler
                0x080009f0                RTCAlarm_IRQHandler
                0x080009f0                USART2_IRQHandler
                0x080009f0                I2C2_ER_IRQHandler
                0x080009f0                DMA1_Channel2_IRQHandler
                0x080009f0                FLASH_IRQHandler
                0x080009f0                BusFault_Handler
                0x080009f0                USART1_IRQHandler
                0x080009f0                I2C1_ER_IRQHandler
                0x080009f0                TIM1_BRK_TIM15_IRQHandler
 .text.SystemInit
                0x080009f8       0xb8 ..\obj\system_stm32f10x.o
                0x080009f8                SystemInit
 .text.SetSysClock
                0x08000ab0        0xc ..\obj\system_stm32f10x.o
 .text.SetSysClockTo24
                0x08000abc      0x15c ..\obj\system_stm32f10x.o
 .text.GPIO_Init
                0x08000c18      0x1b0 ..\obj\stm32f10x_gpio.o
                0x08000c18                GPIO_Init
 .text.GPIO_WriteBit
                0x08000dc8       0x30 ..\obj\stm32f10x_gpio.o
                0x08000dc8                GPIO_WriteBit
 .text.GPIO_PinRemapConfig
                0x08000df8      0x120 ..\obj\stm32f10x_gpio.o
                0x08000df8                GPIO_PinRemapConfig
 .text.RCC_Configuration
                0x08000f18       0x7c ..\obj\main.o
                0x08000f18                RCC_Configuration
 .text.TIM_Configuration
                0x08000f94      0x224 ..\obj\main.o
                0x08000f94                TIM_Configuration
 .text.ADC_Configuration
                0x080011b8      0x1c4 ..\obj\main.o
                0x080011b8                ADC_Configuration
 .text.DMA_Configuration
                0x0800137c       0x88 ..\obj\main.o
                0x0800137c                DMA_Configuration
 .text.GPIO_Configuration
                0x08001404      0x190 ..\obj\main.o
                0x08001404                GPIO_Configuration
 .text.FullReset
                0x08001594      0x3fc ..\obj\main.o
                0x08001594                FullReset
 .text.ADCToIntVoltage
                0x08001990       0x7c ..\obj\main.o
                0x08001990                ADCToIntVoltage
 .text.ADCToVoltage
                0x08001a0c      0x188 ..\obj\main.o
                0x08001a0c                ADCToVoltage
 .text.ADCToIntCurrent
                0x08001b94       0x8c ..\obj\main.o
                0x08001b94                ADCToIntCurrent
 .text.CurrentToADC
                0x08001c20       0x74 ..\obj\main.o
                0x08001c20                CurrentToADC
 .text.ADCToResistance
                0x08001c94      0x1e8 ..\obj\main.o
                0x08001c94                ADCToResistance
 .text.ADCToIntResistance
                0x08001e7c       0x9c ..\obj\main.o
                0x08001e7c                ADCToIntResistance
 .text.IntToTime_mS
                0x08001f18       0xe8 ..\obj\main.o
                0x08001f18                IntToTime_mS
 .text.IntToPower
                0x08002000      0x104 ..\obj\main.o
                0x08002000                IntToPower
 .text.RoundNumber
                0x08002104       0xac ..\obj\main.o
                0x08002104                RoundNumber
 .text.SignCurrent
                0x080021b0       0x3c ..\obj\main.o
                0x080021b0                SignCurrent
 .text.AlignCurrents
                0x080021ec      0x270 ..\obj\main.o
                0x080021ec                AlignCurrents
 .text.MaxCurrent
                0x0800245c       0xec ..\obj\main.o
                0x0800245c                MaxCurrent
 .text.CalculateAverageAV
                0x08002548      0x358 ..\obj\main.o
                0x08002548                CalculateAverageAV
 .text.PollOfButtons
                0x080028a0      0x1e8 ..\obj\main.o
                0x080028a0                PollOfButtons
 .text.PercentToCurrent
                0x08002a88      0x17c ..\obj\main.o
                0x08002a88                PercentToCurrent
 .text.OutHalfByte
                0x08002c04       0xac ..\obj\main.o
                0x08002c04                OutHalfByte
 .text.Delay    0x08002cb0       0x24 ..\obj\main.o
                0x08002cb0                Delay
 .text.WriteData
                0x08002cd4       0xb8 ..\obj\main.o
                0x08002cd4                WriteData
 .text.WriteCommand
                0x08002d8c       0xa4 ..\obj\main.o
                0x08002d8c                WriteCommand
 .text.InitLCD  0x08002e30       0x8c ..\obj\main.o
                0x08002e30                InitLCD
 .text.WriteChar
                0x08002ebc       0x6c ..\obj\main.o
                0x08002ebc                WriteChar
 .text.WriteText
                0x08002f28       0x74 ..\obj\main.o
                0x08002f28                WriteText
 .text.ClrScr   0x08002f9c       0x6c ..\obj\main.o
                0x08002f9c                ClrScr
 .text.RefreshLCD
                0x08003008       0x80 ..\obj\main.o
                0x08003008                RefreshLCD
 .text.main     0x08003088      0x2f8 ..\obj\main.o
                0x08003088                main
 .text.Logo     0x08003380       0x6c ..\obj\main.o
                0x08003380                Logo
 .text.PreSupply
                0x080033ec       0x68 ..\obj\main.o
                0x080033ec                PreSupply
 .text.ACSupply
                0x08003454       0x58 ..\obj\main.o
                0x08003454                ACSupply
 .text.BattteryCharging
                0x080034ac       0xe8 ..\obj\main.o
                0x080034ac                BattteryCharging
 .text.BatterySupply
                0x08003594      0x108 ..\obj\main.o
                0x08003594                BatterySupply
 .text.SelectATXPower
                0x0800369c      0x11c ..\obj\main.o
                0x0800369c                SelectATXPower
 .text.PreTest  0x080037b8       0x68 ..\obj\main.o
                0x080037b8                PreTest
 .text.Test     0x08003820       0x78 ..\obj\main.o
                0x08003820                Test
 .text.PreVSBTest
                0x08003898       0xa0 ..\obj\main.o
                0x08003898                PreVSBTest
 .text.VSBTest  0x08003938       0xe4 ..\obj\main.o
                0x08003938                VSBTest
 .text.VSBTestFail
                0x08003a1c       0x7c ..\obj\main.o
                0x08003a1c                VSBTestFail
 .text.PreImpedanceTest
                0x08003a98      0x104 ..\obj\main.o
                0x08003a98                PreImpedanceTest
 .text.ImpedanceTest
                0x08003b9c      0x170 ..\obj\main.o
                0x08003b9c                ImpedanceTest
 .text.FailImpedanceTest
                0x08003d0c      0x2d4 ..\obj\main.o
                0x08003d0c                FailImpedanceTest
 .text.FailImpedanceTestAdvice
                0x08003fe0       0x5c ..\obj\main.o
                0x08003fe0                FailImpedanceTestAdvice
 .text.PrePowerGoodTest
                0x0800403c       0x5c ..\obj\main.o
                0x0800403c                PrePowerGoodTest
 .text.PowerGoodTest
                0x08004098      0x1b0 ..\obj\main.o
                0x08004098                PowerGoodTest
 .text.PreVoltageTest
                0x08004248       0x48 ..\obj\main.o
                0x08004248                PreVoltageTest
 .text.VoltageTest
                0x08004290      0x1f0 ..\obj\main.o
                0x08004290                VoltageTest
 .text.FailPowerGoodTest
                0x08004480       0xe0 ..\obj\main.o
                0x08004480                FailPowerGoodTest
 .text.FailPowerGoodTestAdvice
                0x08004560       0x5c ..\obj\main.o
                0x08004560                FailPowerGoodTestAdvice
 .text.FailVoltageTest
                0x080045bc      0x468 ..\obj\main.o
                0x080045bc                FailVoltageTest
 .text.FailVoltageTestAdvice
                0x08004a24       0xec ..\obj\main.o
                0x08004a24                FailVoltageTestAdvice
 .text.PreLoadTest
                0x08004b10       0x74 ..\obj\main.o
                0x08004b10                PreLoadTest
 .text.LoadTest
                0x08004b84      0x4cc ..\obj\main.o
                0x08004b84                LoadTest
 .text.VanishPowerGood
                0x08005050       0x74 ..\obj\main.o
                0x08005050                VanishPowerGood
 .text.FailLoadTest
                0x080050c4      0x114 ..\obj\main.o
                0x080050c4                FailLoadTest
 .text.FailLoadTestAdvice
                0x080051d8       0x84 ..\obj\main.o
                0x080051d8                FailLoadTestAdvice
 .text.ATX_OK   0x0800525c       0xb8 ..\obj\main.o
                0x0800525c                ATX_OK
 .text.TestCompleted
                0x08005314       0x80 ..\obj\main.o
                0x08005314                TestCompleted
 .text.FailPowerONTest
                0x08005394       0x48 ..\obj\main.o
                0x08005394                FailPowerONTest
 .text.FailPowerONTestAdvice
                0x080053dc       0x5c ..\obj\main.o
                0x080053dc                FailPowerONTestAdvice
 .text.BeepTestPASSED
                0x08005438       0x78 ..\obj\main.o
                0x08005438                BeepTestPASSED
 .text.BeepTestFAILED
                0x080054b0       0xa4 ..\obj\main.o
                0x080054b0                BeepTestFAILED
 .text.TestAborted
                0x08005554       0xb4 ..\obj\main.o
                0x08005554                TestAborted
 .text.ExitTest
                0x08005608       0x80 ..\obj\main.o
                0x08005608                ExitTest
 .text.WaitACPower
                0x08005688       0xc0 ..\obj\main.o
                0x08005688                WaitACPower
 .text.LowBattery
                0x08005748       0x90 ..\obj\main.o
                0x08005748                LowBattery
 .text.Waiting  0x080057d8       0x48 ..\obj\main.o
                0x080057d8                Waiting
 .text.TIM6_DAC_IRQHandler
                0x08005820       0x50 ..\obj\main.o
                0x08005820                TIM6_DAC_IRQHandler
 .text.TIM7_IRQHandler
                0x08005870       0x1c ..\obj\main.o
                0x08005870                TIM7_IRQHandler
 .text.TIM2_IRQHandler
                0x0800588c       0xc0 ..\obj\main.o
                0x0800588c                TIM2_IRQHandler
 .text.RCC_DeInit
                0x0800594c       0xa8 ..\obj\stm32f10x_rcc.o
                0x0800594c                RCC_DeInit
 .text.RCC_HSICmd
                0x080059f4       0x20 ..\obj\stm32f10x_rcc.o
                0x080059f4                RCC_HSICmd
 .text.RCC_PLLConfig
                0x08005a14       0x48 ..\obj\stm32f10x_rcc.o
                0x08005a14                RCC_PLLConfig
 .text.RCC_PLLCmd
                0x08005a5c       0x20 ..\obj\stm32f10x_rcc.o
                0x08005a5c                RCC_PLLCmd
 .text.RCC_SYSCLKConfig
                0x08005a7c       0x40 ..\obj\stm32f10x_rcc.o
                0x08005a7c                RCC_SYSCLKConfig
 .text.RCC_GetSYSCLKSource
                0x08005abc       0x20 ..\obj\stm32f10x_rcc.o
                0x08005abc                RCC_GetSYSCLKSource
 .text.RCC_HCLKConfig
                0x08005adc       0x40 ..\obj\stm32f10x_rcc.o
                0x08005adc                RCC_HCLKConfig
 .text.RCC_PCLK1Config
                0x08005b1c       0x40 ..\obj\stm32f10x_rcc.o
                0x08005b1c                RCC_PCLK1Config
 .text.RCC_PCLK2Config
                0x08005b5c       0x44 ..\obj\stm32f10x_rcc.o
                0x08005b5c                RCC_PCLK2Config
 .text.RCC_ADCCLKConfig
                0x08005ba0       0x40 ..\obj\stm32f10x_rcc.o
                0x08005ba0                RCC_ADCCLKConfig
 .text.RCC_AHBPeriphClockCmd
                0x08005be0       0x54 ..\obj\stm32f10x_rcc.o
                0x08005be0                RCC_AHBPeriphClockCmd
 .text.RCC_APB2PeriphClockCmd
                0x08005c34       0x54 ..\obj\stm32f10x_rcc.o
                0x08005c34                RCC_APB2PeriphClockCmd
 .text.RCC_APB1PeriphClockCmd
                0x08005c88       0x54 ..\obj\stm32f10x_rcc.o
                0x08005c88                RCC_APB1PeriphClockCmd
 .text.RCC_APB2PeriphResetCmd
                0x08005cdc       0x54 ..\obj\stm32f10x_rcc.o
                0x08005cdc                RCC_APB2PeriphResetCmd
 .text.RCC_APB1PeriphResetCmd
                0x08005d30       0x54 ..\obj\stm32f10x_rcc.o
                0x08005d30                RCC_APB1PeriphResetCmd
 .text.RCC_GetFlagStatus
                0x08005d84       0x90 ..\obj\stm32f10x_rcc.o
                0x08005d84                RCC_GetFlagStatus
 .text.ADC_DeInit
                0x08005e14       0x88 ..\obj\stm32f10x_adc.o
                0x08005e14                ADC_DeInit
 .text.ADC_Init
                0x08005e9c       0xb0 ..\obj\stm32f10x_adc.o
                0x08005e9c                ADC_Init
 .text.ADC_Cmd  0x08005f4c       0x38 ..\obj\stm32f10x_adc.o
                0x08005f4c                ADC_Cmd
 .text.ADC_DMACmd
                0x08005f84       0x38 ..\obj\stm32f10x_adc.o
                0x08005f84                ADC_DMACmd
 .text.ADC_ResetCalibration
                0x08005fbc       0x20 ..\obj\stm32f10x_adc.o
                0x08005fbc                ADC_ResetCalibration
 .text.ADC_StartCalibration
                0x08005fdc       0x20 ..\obj\stm32f10x_adc.o
                0x08005fdc                ADC_StartCalibration
 .text.ADC_SoftwareStartConvCmd
                0x08005ffc       0x38 ..\obj\stm32f10x_adc.o
                0x08005ffc                ADC_SoftwareStartConvCmd
 .text.ADC_RegularChannelConfig
                0x08006034      0x1bc ..\obj\stm32f10x_adc.o
                0x08006034                ADC_RegularChannelConfig
 .text.FLASH_SetLatency
                0x080061f0       0x40 ..\obj\stm32f10x_flash.o
                0x080061f0                FLASH_SetLatency
 .text.FLASH_PrefetchBufferCmd
                0x08006230       0x44 ..\obj\stm32f10x_flash.o
                0x08006230                FLASH_PrefetchBufferCmd
 .text.DMA_Init
                0x08006274       0x80 ..\obj\stm32f10x_dma.o
                0x08006274                DMA_Init
 .text.DMA_Cmd  0x080062f4       0x38 ..\obj\stm32f10x_dma.o
                0x080062f4                DMA_Cmd
 .text.NVIC_Init
                0x0800632c       0xe8 ..\obj\misc.o
                0x0800632c                NVIC_Init
 *(.glue_7t)
 .glue_7t       0x00000000        0x0 linker stubs
 *(.glue_7)
 .glue_7        0x00000000        0x0 linker stubs
 *(.rodata .rodata* .gnu.linkonce.r.*)
 .rodata        0x08006414      0x4e8 ..\obj\main.o

.vfp11_veneer   0x080068fc        0x0
 .vfp11_veneer  0x00000000        0x0 linker stubs

.v4_bx          0x080068fc        0x0
 .v4_bx         0x00000000        0x0 linker stubs

.iplt           0x080068fc        0x0
 .iplt          0x00000000        0x0 ..\obj\stm32f10x_tim.o

.rel.dyn        0x080068fc        0x0
 .rel.iplt      0x00000000        0x0 ..\obj\stm32f10x_tim.o

.ARM.extab
 *(.ARM.extab* .gnu.linkonce.armextab.*)
                0x080068fc                __exidx_start = .

.ARM.exidx
 *(.ARM.exidx* .gnu.linkonce.armexidx.*)
                0x080068fc                __exidx_end = .
                0x080068fc                . = ALIGN (0x4)
                0x080068fc                _etext = .
                0x080068fc                _sidata = .

.data           0x20000000        0x4 load address 0x080068fc
                0x20000000                _sdata = .
 *(.data .data.*)
 .data          0x20000000        0x4 ..\obj\main.o
                0x20000000                Vcc
                0x20000004                . = ALIGN (0x4)
                0x20000004                _edata = .

.igot.plt       0x20000004        0x0 load address 0x08006900
 .igot.plt      0x00000000        0x0 ..\obj\stm32f10x_tim.o

.bss            0x20000004      0x114 load address 0x08006900
                0x20000004                _sbss = .
 *(.bss .bss.*)
 .bss           0x20000004       0x28 ..\obj\main.o
                0x20000004                ADCBuffer
                0x2000001c                CounterAdviceFailVoltag
                0x20000020                PowerATX
                0x20000024                a
                0x20000026                b
                0x20000028                c
                0x2000002a                Tick
 *(COMMON)
 COMMON         0x2000002c       0xec ..\obj\main.o
                0x2000002c                Scenario
                0x20000030                PowerOK
                0x20000044                PostScenario
                0x20000048                Channel12V
                0x20000068                Button
                0x20000070                Beep
                0x20000074                SystemSettings
                0x2000008c                LCDBuffer
                0x200000b4                Channel5VSB
                0x200000c0                Channel5V
                0x200000e0                BufferArray
                0x200000e8                Power
                0x200000f8                Channel3V3
                0x20000118                . = ALIGN (0x4)
                0x20000118                _ebss = .

.co_stack       0x20000118      0x400 load address 0x08006a14
                0x20000118                . = ALIGN (0x8)
 *(.co_stack .co_stack.*)
 .co_stack      0x20000118      0x400 ..\obj\startup_stm32f10x_md_vl.o
                0x20000118                pulStack
                0x20000518                . = ALIGN (0x4)
                0x20000518                _end = .
LOAD ..\obj\stm32f10x_tim.o
LOAD ..\obj\startup_stm32f10x_md_vl.o
LOAD ..\obj\core_cm3.o
LOAD ..\obj\system_stm32f10x.o
LOAD ..\obj\stm32f10x_gpio.o
LOAD ..\obj\main.o
LOAD ..\obj\stm32f10x_rcc.o
LOAD ..\obj\stm32f10x_adc.o
LOAD ..\obj\stm32f10x_flash.o
LOAD ..\obj\stm32f10x_dma.o
LOAD ..\obj\misc.o
LOAD ..\obj\stm32f10x_spi.o
START GROUP
LOAD c:/coocox/bin/../lib/gcc/arm-none-eabi/4.7.3/armv7-m\libgcc.a
LOAD c:/coocox/bin/../lib/gcc/arm-none-eabi/4.7.3/../../../../arm-none-eabi/lib/armv7-m\libg.a
LOAD c:/coocox/bin/../lib/gcc/arm-none-eabi/4.7.3/../../../../arm-none-eabi/lib/armv7-m\libc.a
END GROUP
OUTPUT(Project1.elf elf32-littlearm)

.debug_info     0x00000000     0x6e38
 .debug_info    0x00000000     0x1e6c ..\obj\stm32f10x_tim.o
 .debug_info    0x00001e6c       0xff ..\obj\startup_stm32f10x_md_vl.o
 .debug_info    0x00001f6b      0x40c ..\obj\system_stm32f10x.o
 .debug_info    0x00002377      0x72e ..\obj\stm32f10x_gpio.o
 .debug_info    0x00002aa5     0x1bc0 ..\obj\main.o
 .debug_info    0x00004665      0x990 ..\obj\stm32f10x_rcc.o
 .debug_info    0x00004ff5      0xc2b ..\obj\stm32f10x_adc.o
 .debug_info    0x00005c20      0x82e ..\obj\stm32f10x_flash.o
 .debug_info    0x0000644e      0x4a6 ..\obj\stm32f10x_dma.o
 .debug_info    0x000068f4      0x544 ..\obj\misc.o

.debug_abbrev   0x00000000      0xfc1
 .debug_abbrev  0x00000000      0x1b2 ..\obj\stm32f10x_tim.o
 .debug_abbrev  0x000001b2       0xa9 ..\obj\startup_stm32f10x_md_vl.o
 .debug_abbrev  0x0000025b      0x179 ..\obj\system_stm32f10x.o
 .debug_abbrev  0x000003d4      0x1ca ..\obj\stm32f10x_gpio.o
 .debug_abbrev  0x0000059e      0x2b1 ..\obj\main.o
 .debug_abbrev  0x0000084f      0x1bc ..\obj\stm32f10x_rcc.o
 .debug_abbrev  0x00000a0b      0x19a ..\obj\stm32f10x_adc.o
 .debug_abbrev  0x00000ba5      0x18d ..\obj\stm32f10x_flash.o
 .debug_abbrev  0x00000d32      0x157 ..\obj\stm32f10x_dma.o
 .debug_abbrev  0x00000e89      0x138 ..\obj\misc.o

.debug_loc      0x00000000     0x3f84
 .debug_loc     0x00000000     0x13e8 ..\obj\stm32f10x_tim.o
 .debug_loc     0x000013e8       0x64 ..\obj\startup_stm32f10x_md_vl.o
 .debug_loc     0x0000144c       0xc8 ..\obj\system_stm32f10x.o
 .debug_loc     0x00001514      0x3e4 ..\obj\stm32f10x_gpio.o
 .debug_loc     0x000018f8      0xe4c ..\obj\main.o
 .debug_loc     0x00002744      0x714 ..\obj\stm32f10x_rcc.o
 .debug_loc     0x00002e58      0x7d4 ..\obj\stm32f10x_adc.o
 .debug_loc     0x0000362c      0x5d8 ..\obj\stm32f10x_flash.o
 .debug_loc     0x00003c04      0x268 ..\obj\stm32f10x_dma.o
 .debug_loc     0x00003e6c      0x118 ..\obj\misc.o

.debug_aranges  0x00000000      0xa68
 .debug_aranges
                0x00000000      0x2f0 ..\obj\stm32f10x_tim.o
 .debug_aranges
                0x000002f0       0x28 ..\obj\startup_stm32f10x_md_vl.o
 .debug_aranges
                0x00000318       0x38 ..\obj\system_stm32f10x.o
 .debug_aranges
                0x00000350       0xa8 ..\obj\stm32f10x_gpio.o
 .debug_aranges
                0x000003f8      0x270 ..\obj\main.o
 .debug_aranges
                0x00000668      0x120 ..\obj\stm32f10x_rcc.o
 .debug_aranges
                0x00000788      0x138 ..\obj\stm32f10x_adc.o
 .debug_aranges
                0x000008c0       0xf8 ..\obj\stm32f10x_flash.o
 .debug_aranges
                0x000009b8       0x70 ..\obj\stm32f10x_dma.o
 .debug_aranges
                0x00000a28       0x40 ..\obj\misc.o

.debug_ranges   0x00000000      0x9c8
 .debug_ranges  0x00000000      0x2e0 ..\obj\stm32f10x_tim.o
 .debug_ranges  0x000002e0       0x18 ..\obj\startup_stm32f10x_md_vl.o
 .debug_ranges  0x000002f8       0x28 ..\obj\system_stm32f10x.o
 .debug_ranges  0x00000320       0x98 ..\obj\stm32f10x_gpio.o
 .debug_ranges  0x000003b8      0x260 ..\obj\main.o
 .debug_ranges  0x00000618      0x110 ..\obj\stm32f10x_rcc.o
 .debug_ranges  0x00000728      0x128 ..\obj\stm32f10x_adc.o
 .debug_ranges  0x00000850       0xe8 ..\obj\stm32f10x_flash.o
 .debug_ranges  0x00000938       0x60 ..\obj\stm32f10x_dma.o
 .debug_ranges  0x00000998       0x30 ..\obj\misc.o

.debug_line     0x00000000     0x2ed9
 .debug_line    0x00000000      0xa03 ..\obj\stm32f10x_tim.o
 .debug_line    0x00000a03       0x9d ..\obj\startup_stm32f10x_md_vl.o
 .debug_line    0x00000aa0      0x196 ..\obj\system_stm32f10x.o
 .debug_line    0x00000c36      0x31d ..\obj\stm32f10x_gpio.o
 .debug_line    0x00000f53      0xe50 ..\obj\main.o
 .debug_line    0x00001da3      0x43b ..\obj\stm32f10x_rcc.o
 .debug_line    0x000021de      0x491 ..\obj\stm32f10x_adc.o
 .debug_line    0x0000266f      0x447 ..\obj\stm32f10x_flash.o
 .debug_line    0x00002ab6      0x271 ..\obj\stm32f10x_dma.o
 .debug_line    0x00002d27      0x1b2 ..\obj\misc.o

.debug_str      0x00000000     0x2dbd
 .debug_str     0x00000000      0xcd7 ..\obj\stm32f10x_tim.o
                                0xd78 (size before relaxing)
 .debug_str     0x00000cd7       0xab ..\obj\startup_stm32f10x_md_vl.o
                                0x10f (size before relaxing)
 .debug_str     0x00000d82      0x154 ..\obj\system_stm32f10x.o
                                0x26f (size before relaxing)
 .debug_str     0x00000ed6      0x376 ..\obj\stm32f10x_gpio.o
                                0x4b4 (size before relaxing)
 .debug_str     0x0000124c      0xc54 ..\obj\main.o
                               0x138c (size before relaxing)
 .debug_str     0x00001ea0      0x415 ..\obj\stm32f10x_rcc.o
                                0x608 (size before relaxing)
 .debug_str     0x000022b5      0x464 ..\obj\stm32f10x_adc.o
                                0x696 (size before relaxing)
 .debug_str     0x00002719      0x423 ..\obj\stm32f10x_flash.o
                                0x583 (size before relaxing)
 .debug_str     0x00002b3c      0x137 ..\obj\stm32f10x_dma.o
                                0x35c (size before relaxing)
 .debug_str     0x00002c73      0x14a ..\obj\misc.o
                                0x35e (size before relaxing)

.comment        0x00000000       0x70
 .comment       0x00000000       0x70 ..\obj\stm32f10x_tim.o
                                 0x71 (size before relaxing)
 .comment       0x00000000       0x71 ..\obj\startup_stm32f10x_md_vl.o
 .comment       0x00000000       0x71 ..\obj\system_stm32f10x.o
 .comment       0x00000000       0x71 ..\obj\stm32f10x_gpio.o
 .comment       0x00000000       0x71 ..\obj\main.o
 .comment       0x00000000       0x71 ..\obj\stm32f10x_rcc.o
 .comment       0x00000000       0x71 ..\obj\stm32f10x_adc.o
 .comment       0x00000000       0x71 ..\obj\stm32f10x_flash.o
 .comment       0x00000000       0x71 ..\obj\stm32f10x_dma.o
 .comment       0x00000000       0x71 ..\obj\misc.o

.ARM.attributes
                0x00000000       0x33
 .ARM.attributes
                0x00000000       0x33 ..\obj\stm32f10x_tim.o
 .ARM.attributes
                0x00000033       0x33 ..\obj\startup_stm32f10x_md_vl.o
 .ARM.attributes
                0x00000066       0x33 ..\obj\system_stm32f10x.o
 .ARM.attributes
                0x00000099       0x33 ..\obj\stm32f10x_gpio.o
 .ARM.attributes
                0x000000cc       0x33 ..\obj\main.o
 .ARM.attributes
                0x000000ff       0x33 ..\obj\stm32f10x_rcc.o
 .ARM.attributes
                0x00000132       0x33 ..\obj\stm32f10x_adc.o
 .ARM.attributes
                0x00000165       0x33 ..\obj\stm32f10x_flash.o
 .ARM.attributes
                0x00000198       0x33 ..\obj\stm32f10x_dma.o
 .ARM.attributes
                0x000001cb       0x33 ..\obj\misc.o

.debug_frame    0x00000000     0x2230
 .debug_frame   0x00000000      0xa20 ..\obj\stm32f10x_tim.o
 .debug_frame   0x00000a20       0x48 ..\obj\startup_stm32f10x_md_vl.o
 .debug_frame   0x00000a68       0x80 ..\obj\system_stm32f10x.o
 .debug_frame   0x00000ae8      0x210 ..\obj\stm32f10x_gpio.o
 .debug_frame   0x00000cf8      0x87c ..\obj\main.o
 .debug_frame   0x00001574      0x3a4 ..\obj\stm32f10x_rcc.o
 .debug_frame   0x00001918      0x400 ..\obj\stm32f10x_adc.o
 .debug_frame   0x00001d18      0x338 ..\obj\stm32f10x_flash.o
 .debug_frame   0x00002050      0x144 ..\obj\stm32f10x_dma.o
 .debug_frame   0x00002194       0x9c ..\obj\misc.o
